Archive member included to satisfy reference by file (symbol)

libCMSIS.a(system_stm32f4xx.c.obj)
                              CMakeFiles/f411re_blinking.elf.dir/Drivers/STM32F4xx_HAL_Driver/Src/stm32f4xx_hal.c.obj (SystemCoreClock)
c:/progra~2/gnutoo~1/50a5a~1.420/bin/../lib/gcc/arm-none-eabi/5.4.1/../../../../arm-none-eabi/lib/armv7e-m/fpu\libg.a(lib_a-exit.o)
                              c:/progra~2/gnutoo~1/50a5a~1.420/bin/../lib/gcc/arm-none-eabi/5.4.1/../../../../arm-none-eabi/lib/armv7e-m/fpu/crt0.o (exit)
c:/progra~2/gnutoo~1/50a5a~1.420/bin/../lib/gcc/arm-none-eabi/5.4.1/../../../../arm-none-eabi/lib/armv7e-m/fpu\libg.a(lib_a-impure.o)
                              c:/progra~2/gnutoo~1/50a5a~1.420/bin/../lib/gcc/arm-none-eabi/5.4.1/../../../../arm-none-eabi/lib/armv7e-m/fpu\libg.a(lib_a-exit.o) (_global_impure_ptr)
c:/progra~2/gnutoo~1/50a5a~1.420/bin/../lib/gcc/arm-none-eabi/5.4.1/../../../../arm-none-eabi/lib/armv7e-m/fpu\libg.a(lib_a-init.o)
                              c:/progra~2/gnutoo~1/50a5a~1.420/bin/../lib/gcc/arm-none-eabi/5.4.1/../../../../arm-none-eabi/lib/armv7e-m/fpu/crt0.o (__libc_init_array)
c:/progra~2/gnutoo~1/50a5a~1.420/bin/../lib/gcc/arm-none-eabi/5.4.1/../../../../arm-none-eabi/lib/armv7e-m/fpu\libg.a(lib_a-memset.o)
                              c:/progra~2/gnutoo~1/50a5a~1.420/bin/../lib/gcc/arm-none-eabi/5.4.1/../../../../arm-none-eabi/lib/armv7e-m/fpu/crt0.o (memset)
c:/progra~2/gnutoo~1/50a5a~1.420/bin/../lib/gcc/arm-none-eabi/5.4.1/../../../../arm-none-eabi/lib/armv7e-m/fpu\libg.a(lib_a-__call_atexit.o)
                              c:/progra~2/gnutoo~1/50a5a~1.420/bin/../lib/gcc/arm-none-eabi/5.4.1/../../../../arm-none-eabi/lib/armv7e-m/fpu\libg.a(lib_a-exit.o) (__call_exitprocs)
c:/progra~2/gnutoo~1/50a5a~1.420/bin/../lib/gcc/arm-none-eabi/5.4.1/../../../../arm-none-eabi/lib/armv7e-m/fpu\libg.a(lib_a-atexit.o)
                              c:/progra~2/gnutoo~1/50a5a~1.420/bin/../lib/gcc/arm-none-eabi/5.4.1/../../../../arm-none-eabi/lib/armv7e-m/fpu\libg.a(lib_a-__call_atexit.o) (atexit)
c:/progra~2/gnutoo~1/50a5a~1.420/bin/../lib/gcc/arm-none-eabi/5.4.1/../../../../arm-none-eabi/lib/armv7e-m/fpu\libg.a(lib_a-fini.o)
                              c:/progra~2/gnutoo~1/50a5a~1.420/bin/../lib/gcc/arm-none-eabi/5.4.1/../../../../arm-none-eabi/lib/armv7e-m/fpu\libg.a(lib_a-__call_atexit.o) (__libc_fini_array)
c:/progra~2/gnutoo~1/50a5a~1.420/bin/../lib/gcc/arm-none-eabi/5.4.1/../../../../arm-none-eabi/lib/armv7e-m/fpu\libg.a(lib_a-__atexit.o)
                              c:/progra~2/gnutoo~1/50a5a~1.420/bin/../lib/gcc/arm-none-eabi/5.4.1/../../../../arm-none-eabi/lib/armv7e-m/fpu\libg.a(lib_a-atexit.o) (__register_exitproc)

Discarded input sections

 .text          0x00000000        0x0 c:/progra~2/gnutoo~1/50a5a~1.420/bin/../lib/gcc/arm-none-eabi/5.4.1/armv7e-m/fpu/crti.o
 .data          0x00000000        0x0 c:/progra~2/gnutoo~1/50a5a~1.420/bin/../lib/gcc/arm-none-eabi/5.4.1/armv7e-m/fpu/crti.o
 .bss           0x00000000        0x0 c:/progra~2/gnutoo~1/50a5a~1.420/bin/../lib/gcc/arm-none-eabi/5.4.1/armv7e-m/fpu/crti.o
 .data          0x00000000        0x4 c:/progra~2/gnutoo~1/50a5a~1.420/bin/../lib/gcc/arm-none-eabi/5.4.1/armv7e-m/fpu/crtbegin.o
 .text          0x00000000       0x74 c:/progra~2/gnutoo~1/50a5a~1.420/bin/../lib/gcc/arm-none-eabi/5.4.1/../../../../arm-none-eabi/lib/armv7e-m/fpu/crt0.o
 .data          0x00000000        0x0 c:/progra~2/gnutoo~1/50a5a~1.420/bin/../lib/gcc/arm-none-eabi/5.4.1/../../../../arm-none-eabi/lib/armv7e-m/fpu/crt0.o
 .bss           0x00000000        0x0 c:/progra~2/gnutoo~1/50a5a~1.420/bin/../lib/gcc/arm-none-eabi/5.4.1/../../../../arm-none-eabi/lib/armv7e-m/fpu/crt0.o
 .ARM.extab     0x00000000        0x0 c:/progra~2/gnutoo~1/50a5a~1.420/bin/../lib/gcc/arm-none-eabi/5.4.1/../../../../arm-none-eabi/lib/armv7e-m/fpu/crt0.o
 .ARM.exidx     0x00000000        0x8 c:/progra~2/gnutoo~1/50a5a~1.420/bin/../lib/gcc/arm-none-eabi/5.4.1/../../../../arm-none-eabi/lib/armv7e-m/fpu/crt0.o
 .ARM.attributes
                0x00000000       0x20 c:/progra~2/gnutoo~1/50a5a~1.420/bin/../lib/gcc/arm-none-eabi/5.4.1/../../../../arm-none-eabi/lib/armv7e-m/fpu/crt0.o
 .text          0x00000000        0x0 CMakeFiles/f411re_blinking.elf.dir/Src/main.c.obj
 .data          0x00000000        0x0 CMakeFiles/f411re_blinking.elf.dir/Src/main.c.obj
 .bss           0x00000000        0x0 CMakeFiles/f411re_blinking.elf.dir/Src/main.c.obj
 .text.main     0x00000000       0x3c CMakeFiles/f411re_blinking.elf.dir/Src/main.c.obj
 .text.SystemClock_Config
                0x00000000       0xe0 CMakeFiles/f411re_blinking.elf.dir/Src/main.c.obj
 .text.MX_GPIO_Init
                0x00000000       0xf0 CMakeFiles/f411re_blinking.elf.dir/Src/main.c.obj
 .text.Error_Handler
                0x00000000        0x8 CMakeFiles/f411re_blinking.elf.dir/Src/main.c.obj
 .debug_info    0x00000000      0x7fb CMakeFiles/f411re_blinking.elf.dir/Src/main.c.obj
 .debug_abbrev  0x00000000      0x17d CMakeFiles/f411re_blinking.elf.dir/Src/main.c.obj
 .debug_aranges
                0x00000000       0x38 CMakeFiles/f411re_blinking.elf.dir/Src/main.c.obj
 .debug_ranges  0x00000000       0x28 CMakeFiles/f411re_blinking.elf.dir/Src/main.c.obj
 .debug_line    0x00000000      0x334 CMakeFiles/f411re_blinking.elf.dir/Src/main.c.obj
 .debug_str     0x00000000      0x913 CMakeFiles/f411re_blinking.elf.dir/Src/main.c.obj
 .comment       0x00000000       0x6f CMakeFiles/f411re_blinking.elf.dir/Src/main.c.obj
 .debug_frame   0x00000000       0x90 CMakeFiles/f411re_blinking.elf.dir/Src/main.c.obj
 .ARM.attributes
                0x00000000       0x39 CMakeFiles/f411re_blinking.elf.dir/Src/main.c.obj
 .text          0x00000000        0x0 CMakeFiles/f411re_blinking.elf.dir/Src/stm32f4xx_hal_msp.c.obj
 .data          0x00000000        0x0 CMakeFiles/f411re_blinking.elf.dir/Src/stm32f4xx_hal_msp.c.obj
 .bss           0x00000000        0x0 CMakeFiles/f411re_blinking.elf.dir/Src/stm32f4xx_hal_msp.c.obj
 .text.HAL_MspInit
                0x00000000       0x64 CMakeFiles/f411re_blinking.elf.dir/Src/stm32f4xx_hal_msp.c.obj
 .debug_info    0x00000000      0x25b CMakeFiles/f411re_blinking.elf.dir/Src/stm32f4xx_hal_msp.c.obj
 .debug_abbrev  0x00000000       0x88 CMakeFiles/f411re_blinking.elf.dir/Src/stm32f4xx_hal_msp.c.obj
 .debug_aranges
                0x00000000       0x20 CMakeFiles/f411re_blinking.elf.dir/Src/stm32f4xx_hal_msp.c.obj
 .debug_ranges  0x00000000       0x10 CMakeFiles/f411re_blinking.elf.dir/Src/stm32f4xx_hal_msp.c.obj
 .debug_line    0x00000000      0x213 CMakeFiles/f411re_blinking.elf.dir/Src/stm32f4xx_hal_msp.c.obj
 .debug_str     0x00000000      0x5f5 CMakeFiles/f411re_blinking.elf.dir/Src/stm32f4xx_hal_msp.c.obj
 .comment       0x00000000       0x6f CMakeFiles/f411re_blinking.elf.dir/Src/stm32f4xx_hal_msp.c.obj
 .debug_frame   0x00000000       0x2c CMakeFiles/f411re_blinking.elf.dir/Src/stm32f4xx_hal_msp.c.obj
 .ARM.attributes
                0x00000000       0x39 CMakeFiles/f411re_blinking.elf.dir/Src/stm32f4xx_hal_msp.c.obj
 .text          0x00000000        0x0 CMakeFiles/f411re_blinking.elf.dir/Src/stm32f4xx_it.c.obj
 .data          0x00000000        0x0 CMakeFiles/f411re_blinking.elf.dir/Src/stm32f4xx_it.c.obj
 .bss           0x00000000        0x0 CMakeFiles/f411re_blinking.elf.dir/Src/stm32f4xx_it.c.obj
 .text.SysTick_Handler
                0x00000000       0x10 CMakeFiles/f411re_blinking.elf.dir/Src/stm32f4xx_it.c.obj
 .debug_info    0x00000000       0xb2 CMakeFiles/f411re_blinking.elf.dir/Src/stm32f4xx_it.c.obj
 .debug_abbrev  0x00000000       0x67 CMakeFiles/f411re_blinking.elf.dir/Src/stm32f4xx_it.c.obj
 .debug_aranges
                0x00000000       0x20 CMakeFiles/f411re_blinking.elf.dir/Src/stm32f4xx_it.c.obj
 .debug_ranges  0x00000000       0x10 CMakeFiles/f411re_blinking.elf.dir/Src/stm32f4xx_it.c.obj
 .debug_line    0x00000000      0x18a CMakeFiles/f411re_blinking.elf.dir/Src/stm32f4xx_it.c.obj
 .debug_str     0x00000000      0x24a CMakeFiles/f411re_blinking.elf.dir/Src/stm32f4xx_it.c.obj
 .comment       0x00000000       0x6f CMakeFiles/f411re_blinking.elf.dir/Src/stm32f4xx_it.c.obj
 .debug_frame   0x00000000       0x2c CMakeFiles/f411re_blinking.elf.dir/Src/stm32f4xx_it.c.obj
 .ARM.attributes
                0x00000000       0x39 CMakeFiles/f411re_blinking.elf.dir/Src/stm32f4xx_it.c.obj
 .text          0x00000000        0x0 CMakeFiles/f411re_blinking.elf.dir/Drivers/STM32F4xx_HAL_Driver/Src/stm32f4xx_hal.c.obj
 .data          0x00000000        0x0 CMakeFiles/f411re_blinking.elf.dir/Drivers/STM32F4xx_HAL_Driver/Src/stm32f4xx_hal.c.obj
 .bss           0x00000000        0x0 CMakeFiles/f411re_blinking.elf.dir/Drivers/STM32F4xx_HAL_Driver/Src/stm32f4xx_hal.c.obj
 .bss.uwTick    0x00000000        0x4 CMakeFiles/f411re_blinking.elf.dir/Drivers/STM32F4xx_HAL_Driver/Src/stm32f4xx_hal.c.obj
 .text.HAL_Init
                0x00000000       0x44 CMakeFiles/f411re_blinking.elf.dir/Drivers/STM32F4xx_HAL_Driver/Src/stm32f4xx_hal.c.obj
 .text.HAL_DeInit
                0x00000000       0x58 CMakeFiles/f411re_blinking.elf.dir/Drivers/STM32F4xx_HAL_Driver/Src/stm32f4xx_hal.c.obj
 .text.HAL_MspInit
                0x00000000       0x10 CMakeFiles/f411re_blinking.elf.dir/Drivers/STM32F4xx_HAL_Driver/Src/stm32f4xx_hal.c.obj
 .text.HAL_MspDeInit
                0x00000000       0x10 CMakeFiles/f411re_blinking.elf.dir/Drivers/STM32F4xx_HAL_Driver/Src/stm32f4xx_hal.c.obj
 .text.HAL_InitTick
                0x00000000       0x38 CMakeFiles/f411re_blinking.elf.dir/Drivers/STM32F4xx_HAL_Driver/Src/stm32f4xx_hal.c.obj
 .text.HAL_IncTick
                0x00000000       0x1c CMakeFiles/f411re_blinking.elf.dir/Drivers/STM32F4xx_HAL_Driver/Src/stm32f4xx_hal.c.obj
 .text.HAL_GetTick
                0x00000000       0x18 CMakeFiles/f411re_blinking.elf.dir/Drivers/STM32F4xx_HAL_Driver/Src/stm32f4xx_hal.c.obj
 .text.HAL_Delay
                0x00000000       0x2c CMakeFiles/f411re_blinking.elf.dir/Drivers/STM32F4xx_HAL_Driver/Src/stm32f4xx_hal.c.obj
 .text.HAL_SuspendTick
                0x00000000       0x20 CMakeFiles/f411re_blinking.elf.dir/Drivers/STM32F4xx_HAL_Driver/Src/stm32f4xx_hal.c.obj
 .text.HAL_ResumeTick
                0x00000000       0x20 CMakeFiles/f411re_blinking.elf.dir/Drivers/STM32F4xx_HAL_Driver/Src/stm32f4xx_hal.c.obj
 .text.HAL_GetHalVersion
                0x00000000       0x14 CMakeFiles/f411re_blinking.elf.dir/Drivers/STM32F4xx_HAL_Driver/Src/stm32f4xx_hal.c.obj
 .text.HAL_GetREVID
                0x00000000       0x18 CMakeFiles/f411re_blinking.elf.dir/Drivers/STM32F4xx_HAL_Driver/Src/stm32f4xx_hal.c.obj
 .text.HAL_GetDEVID
                0x00000000       0x1c CMakeFiles/f411re_blinking.elf.dir/Drivers/STM32F4xx_HAL_Driver/Src/stm32f4xx_hal.c.obj
 .text.HAL_DBGMCU_EnableDBGSleepMode
                0x00000000       0x20 CMakeFiles/f411re_blinking.elf.dir/Drivers/STM32F4xx_HAL_Driver/Src/stm32f4xx_hal.c.obj
 .text.HAL_DBGMCU_DisableDBGSleepMode
                0x00000000       0x20 CMakeFiles/f411re_blinking.elf.dir/Drivers/STM32F4xx_HAL_Driver/Src/stm32f4xx_hal.c.obj
 .text.HAL_DBGMCU_EnableDBGStopMode
                0x00000000       0x20 CMakeFiles/f411re_blinking.elf.dir/Drivers/STM32F4xx_HAL_Driver/Src/stm32f4xx_hal.c.obj
 .text.HAL_DBGMCU_DisableDBGStopMode
                0x00000000       0x20 CMakeFiles/f411re_blinking.elf.dir/Drivers/STM32F4xx_HAL_Driver/Src/stm32f4xx_hal.c.obj
 .text.HAL_DBGMCU_EnableDBGStandbyMode
                0x00000000       0x20 CMakeFiles/f411re_blinking.elf.dir/Drivers/STM32F4xx_HAL_Driver/Src/stm32f4xx_hal.c.obj
 .text.HAL_DBGMCU_DisableDBGStandbyMode
                0x00000000       0x20 CMakeFiles/f411re_blinking.elf.dir/Drivers/STM32F4xx_HAL_Driver/Src/stm32f4xx_hal.c.obj
 .text.HAL_EnableCompensationCell
                0x00000000       0x38 CMakeFiles/f411re_blinking.elf.dir/Drivers/STM32F4xx_HAL_Driver/Src/stm32f4xx_hal.c.obj
 .text.HAL_DisableCompensationCell
                0x00000000       0x38 CMakeFiles/f411re_blinking.elf.dir/Drivers/STM32F4xx_HAL_Driver/Src/stm32f4xx_hal.c.obj
 .debug_info    0x00000000      0x7dd CMakeFiles/f411re_blinking.elf.dir/Drivers/STM32F4xx_HAL_Driver/Src/stm32f4xx_hal.c.obj
 .debug_abbrev  0x00000000      0x237 CMakeFiles/f411re_blinking.elf.dir/Drivers/STM32F4xx_HAL_Driver/Src/stm32f4xx_hal.c.obj
 .debug_aranges
                0x00000000       0xc0 CMakeFiles/f411re_blinking.elf.dir/Drivers/STM32F4xx_HAL_Driver/Src/stm32f4xx_hal.c.obj
 .debug_ranges  0x00000000       0xb0 CMakeFiles/f411re_blinking.elf.dir/Drivers/STM32F4xx_HAL_Driver/Src/stm32f4xx_hal.c.obj
 .debug_line    0x00000000      0x472 CMakeFiles/f411re_blinking.elf.dir/Drivers/STM32F4xx_HAL_Driver/Src/stm32f4xx_hal.c.obj
 .debug_str     0x00000000      0x9a0 CMakeFiles/f411re_blinking.elf.dir/Drivers/STM32F4xx_HAL_Driver/Src/stm32f4xx_hal.c.obj
 .comment       0x00000000       0x6f CMakeFiles/f411re_blinking.elf.dir/Drivers/STM32F4xx_HAL_Driver/Src/stm32f4xx_hal.c.obj
 .debug_frame   0x00000000      0x2c0 CMakeFiles/f411re_blinking.elf.dir/Drivers/STM32F4xx_HAL_Driver/Src/stm32f4xx_hal.c.obj
 .ARM.attributes
                0x00000000       0x39 CMakeFiles/f411re_blinking.elf.dir/Drivers/STM32F4xx_HAL_Driver/Src/stm32f4xx_hal.c.obj
 .text          0x00000000        0x0 CMakeFiles/f411re_blinking.elf.dir/Drivers/STM32F4xx_HAL_Driver/Src/stm32f4xx_hal_cortex.c.obj
 .data          0x00000000        0x0 CMakeFiles/f411re_blinking.elf.dir/Drivers/STM32F4xx_HAL_Driver/Src/stm32f4xx_hal_cortex.c.obj
 .bss           0x00000000        0x0 CMakeFiles/f411re_blinking.elf.dir/Drivers/STM32F4xx_HAL_Driver/Src/stm32f4xx_hal_cortex.c.obj
 .text.NVIC_SetPriorityGrouping
                0x00000000       0x48 CMakeFiles/f411re_blinking.elf.dir/Drivers/STM32F4xx_HAL_Driver/Src/stm32f4xx_hal_cortex.c.obj
 .text.NVIC_GetPriorityGrouping
                0x00000000       0x1c CMakeFiles/f411re_blinking.elf.dir/Drivers/STM32F4xx_HAL_Driver/Src/stm32f4xx_hal_cortex.c.obj
 .text.NVIC_EnableIRQ
                0x00000000       0x34 CMakeFiles/f411re_blinking.elf.dir/Drivers/STM32F4xx_HAL_Driver/Src/stm32f4xx_hal_cortex.c.obj
 .text.NVIC_DisableIRQ
                0x00000000       0x34 CMakeFiles/f411re_blinking.elf.dir/Drivers/STM32F4xx_HAL_Driver/Src/stm32f4xx_hal_cortex.c.obj
 .text.NVIC_GetPendingIRQ
                0x00000000       0x38 CMakeFiles/f411re_blinking.elf.dir/Drivers/STM32F4xx_HAL_Driver/Src/stm32f4xx_hal_cortex.c.obj
 .text.NVIC_SetPendingIRQ
                0x00000000       0x34 CMakeFiles/f411re_blinking.elf.dir/Drivers/STM32F4xx_HAL_Driver/Src/stm32f4xx_hal_cortex.c.obj
 .text.NVIC_ClearPendingIRQ
                0x00000000       0x34 CMakeFiles/f411re_blinking.elf.dir/Drivers/STM32F4xx_HAL_Driver/Src/stm32f4xx_hal_cortex.c.obj
 .text.NVIC_GetActive
                0x00000000       0x38 CMakeFiles/f411re_blinking.elf.dir/Drivers/STM32F4xx_HAL_Driver/Src/stm32f4xx_hal_cortex.c.obj
 .text.NVIC_SetPriority
                0x00000000       0x54 CMakeFiles/f411re_blinking.elf.dir/Drivers/STM32F4xx_HAL_Driver/Src/stm32f4xx_hal_cortex.c.obj
 .text.NVIC_GetPriority
                0x00000000       0x50 CMakeFiles/f411re_blinking.elf.dir/Drivers/STM32F4xx_HAL_Driver/Src/stm32f4xx_hal_cortex.c.obj
 .text.NVIC_EncodePriority
                0x00000000       0x64 CMakeFiles/f411re_blinking.elf.dir/Drivers/STM32F4xx_HAL_Driver/Src/stm32f4xx_hal_cortex.c.obj
 .text.NVIC_DecodePriority
                0x00000000       0x6c CMakeFiles/f411re_blinking.elf.dir/Drivers/STM32F4xx_HAL_Driver/Src/stm32f4xx_hal_cortex.c.obj
 .text.NVIC_SystemReset
                0x00000000       0x28 CMakeFiles/f411re_blinking.elf.dir/Drivers/STM32F4xx_HAL_Driver/Src/stm32f4xx_hal_cortex.c.obj
 .text.SysTick_Config
                0x00000000       0x44 CMakeFiles/f411re_blinking.elf.dir/Drivers/STM32F4xx_HAL_Driver/Src/stm32f4xx_hal_cortex.c.obj
 .text.HAL_NVIC_SetPriorityGrouping
                0x00000000       0x18 CMakeFiles/f411re_blinking.elf.dir/Drivers/STM32F4xx_HAL_Driver/Src/stm32f4xx_hal_cortex.c.obj
 .text.HAL_NVIC_SetPriority
                0x00000000       0x38 CMakeFiles/f411re_blinking.elf.dir/Drivers/STM32F4xx_HAL_Driver/Src/stm32f4xx_hal_cortex.c.obj
 .text.HAL_NVIC_EnableIRQ
                0x00000000       0x1c CMakeFiles/f411re_blinking.elf.dir/Drivers/STM32F4xx_HAL_Driver/Src/stm32f4xx_hal_cortex.c.obj
 .text.HAL_NVIC_DisableIRQ
                0x00000000       0x1c CMakeFiles/f411re_blinking.elf.dir/Drivers/STM32F4xx_HAL_Driver/Src/stm32f4xx_hal_cortex.c.obj
 .text.HAL_NVIC_SystemReset
                0x00000000        0xc CMakeFiles/f411re_blinking.elf.dir/Drivers/STM32F4xx_HAL_Driver/Src/stm32f4xx_hal_cortex.c.obj
 .text.HAL_SYSTICK_Config
                0x00000000       0x18 CMakeFiles/f411re_blinking.elf.dir/Drivers/STM32F4xx_HAL_Driver/Src/stm32f4xx_hal_cortex.c.obj
 .text.HAL_MPU_ConfigRegion
                0x00000000       0x88 CMakeFiles/f411re_blinking.elf.dir/Drivers/STM32F4xx_HAL_Driver/Src/stm32f4xx_hal_cortex.c.obj
 .text.HAL_NVIC_GetPriorityGrouping
                0x00000000       0x10 CMakeFiles/f411re_blinking.elf.dir/Drivers/STM32F4xx_HAL_Driver/Src/stm32f4xx_hal_cortex.c.obj
 .text.HAL_NVIC_GetPriority
                0x00000000       0x2c CMakeFiles/f411re_blinking.elf.dir/Drivers/STM32F4xx_HAL_Driver/Src/stm32f4xx_hal_cortex.c.obj
 .text.HAL_NVIC_SetPendingIRQ
                0x00000000       0x1c CMakeFiles/f411re_blinking.elf.dir/Drivers/STM32F4xx_HAL_Driver/Src/stm32f4xx_hal_cortex.c.obj
 .text.HAL_NVIC_GetPendingIRQ
                0x00000000       0x20 CMakeFiles/f411re_blinking.elf.dir/Drivers/STM32F4xx_HAL_Driver/Src/stm32f4xx_hal_cortex.c.obj
 .text.HAL_NVIC_ClearPendingIRQ
                0x00000000       0x1c CMakeFiles/f411re_blinking.elf.dir/Drivers/STM32F4xx_HAL_Driver/Src/stm32f4xx_hal_cortex.c.obj
 .text.HAL_NVIC_GetActive
                0x00000000       0x20 CMakeFiles/f411re_blinking.elf.dir/Drivers/STM32F4xx_HAL_Driver/Src/stm32f4xx_hal_cortex.c.obj
 .text.HAL_SYSTICK_CLKSourceConfig
                0x00000000       0x38 CMakeFiles/f411re_blinking.elf.dir/Drivers/STM32F4xx_HAL_Driver/Src/stm32f4xx_hal_cortex.c.obj
 .text.HAL_SYSTICK_IRQHandler
                0x00000000        0xc CMakeFiles/f411re_blinking.elf.dir/Drivers/STM32F4xx_HAL_Driver/Src/stm32f4xx_hal_cortex.c.obj
 .text.HAL_SYSTICK_Callback
                0x00000000       0x10 CMakeFiles/f411re_blinking.elf.dir/Drivers/STM32F4xx_HAL_Driver/Src/stm32f4xx_hal_cortex.c.obj
 .debug_info    0x00000000      0xc85 CMakeFiles/f411re_blinking.elf.dir/Drivers/STM32F4xx_HAL_Driver/Src/stm32f4xx_hal_cortex.c.obj
 .debug_abbrev  0x00000000      0x2c9 CMakeFiles/f411re_blinking.elf.dir/Drivers/STM32F4xx_HAL_Driver/Src/stm32f4xx_hal_cortex.c.obj
 .debug_aranges
                0x00000000      0x108 CMakeFiles/f411re_blinking.elf.dir/Drivers/STM32F4xx_HAL_Driver/Src/stm32f4xx_hal_cortex.c.obj
 .debug_ranges  0x00000000       0xf8 CMakeFiles/f411re_blinking.elf.dir/Drivers/STM32F4xx_HAL_Driver/Src/stm32f4xx_hal_cortex.c.obj
 .debug_line    0x00000000      0x58f CMakeFiles/f411re_blinking.elf.dir/Drivers/STM32F4xx_HAL_Driver/Src/stm32f4xx_hal_cortex.c.obj
 .debug_str     0x00000000      0xb27 CMakeFiles/f411re_blinking.elf.dir/Drivers/STM32F4xx_HAL_Driver/Src/stm32f4xx_hal_cortex.c.obj
 .comment       0x00000000       0x6f CMakeFiles/f411re_blinking.elf.dir/Drivers/STM32F4xx_HAL_Driver/Src/stm32f4xx_hal_cortex.c.obj
 .debug_frame   0x00000000      0x450 CMakeFiles/f411re_blinking.elf.dir/Drivers/STM32F4xx_HAL_Driver/Src/stm32f4xx_hal_cortex.c.obj
 .ARM.attributes
                0x00000000       0x39 CMakeFiles/f411re_blinking.elf.dir/Drivers/STM32F4xx_HAL_Driver/Src/stm32f4xx_hal_cortex.c.obj
 .text          0x00000000        0x0 CMakeFiles/f411re_blinking.elf.dir/Drivers/STM32F4xx_HAL_Driver/Src/stm32f4xx_hal_dma.c.obj
 .data          0x00000000        0x0 CMakeFiles/f411re_blinking.elf.dir/Drivers/STM32F4xx_HAL_Driver/Src/stm32f4xx_hal_dma.c.obj
 .bss           0x00000000        0x0 CMakeFiles/f411re_blinking.elf.dir/Drivers/STM32F4xx_HAL_Driver/Src/stm32f4xx_hal_dma.c.obj
 .text.HAL_DMA_Init
                0x00000000      0x154 CMakeFiles/f411re_blinking.elf.dir/Drivers/STM32F4xx_HAL_Driver/Src/stm32f4xx_hal_dma.c.obj
 .text.HAL_DMA_DeInit
                0x00000000       0x98 CMakeFiles/f411re_blinking.elf.dir/Drivers/STM32F4xx_HAL_Driver/Src/stm32f4xx_hal_dma.c.obj
 .text.HAL_DMA_Start
                0x00000000       0x78 CMakeFiles/f411re_blinking.elf.dir/Drivers/STM32F4xx_HAL_Driver/Src/stm32f4xx_hal_dma.c.obj
 .text.HAL_DMA_Start_IT
                0x00000000       0xc0 CMakeFiles/f411re_blinking.elf.dir/Drivers/STM32F4xx_HAL_Driver/Src/stm32f4xx_hal_dma.c.obj
 .text.HAL_DMA_Abort
                0x00000000       0xe0 CMakeFiles/f411re_blinking.elf.dir/Drivers/STM32F4xx_HAL_Driver/Src/stm32f4xx_hal_dma.c.obj
 .text.HAL_DMA_Abort_IT
                0x00000000       0x44 CMakeFiles/f411re_blinking.elf.dir/Drivers/STM32F4xx_HAL_Driver/Src/stm32f4xx_hal_dma.c.obj
 .text.HAL_DMA_PollForTransfer
                0x00000000      0x1c8 CMakeFiles/f411re_blinking.elf.dir/Drivers/STM32F4xx_HAL_Driver/Src/stm32f4xx_hal_dma.c.obj
 .text.HAL_DMA_IRQHandler
                0x00000000      0x320 CMakeFiles/f411re_blinking.elf.dir/Drivers/STM32F4xx_HAL_Driver/Src/stm32f4xx_hal_dma.c.obj
 .text.HAL_DMA_RegisterCallback
                0x00000000       0xa8 CMakeFiles/f411re_blinking.elf.dir/Drivers/STM32F4xx_HAL_Driver/Src/stm32f4xx_hal_dma.c.obj
 .text.HAL_DMA_UnRegisterCallback
                0x00000000       0xd4 CMakeFiles/f411re_blinking.elf.dir/Drivers/STM32F4xx_HAL_Driver/Src/stm32f4xx_hal_dma.c.obj
 .text.HAL_DMA_GetState
                0x00000000       0x1c CMakeFiles/f411re_blinking.elf.dir/Drivers/STM32F4xx_HAL_Driver/Src/stm32f4xx_hal_dma.c.obj
 .text.HAL_DMA_GetError
                0x00000000       0x18 CMakeFiles/f411re_blinking.elf.dir/Drivers/STM32F4xx_HAL_Driver/Src/stm32f4xx_hal_dma.c.obj
 .text.DMA_SetConfig
                0x00000000       0x5c CMakeFiles/f411re_blinking.elf.dir/Drivers/STM32F4xx_HAL_Driver/Src/stm32f4xx_hal_dma.c.obj
 .text.DMA_CalcBaseAndBitshift
                0x00000000       0x6c CMakeFiles/f411re_blinking.elf.dir/Drivers/STM32F4xx_HAL_Driver/Src/stm32f4xx_hal_dma.c.obj
 .text.DMA_CheckFifoParam
                0x00000000      0x114 CMakeFiles/f411re_blinking.elf.dir/Drivers/STM32F4xx_HAL_Driver/Src/stm32f4xx_hal_dma.c.obj
 .rodata.flagBitshiftOffset.6961
                0x00000000        0x8 CMakeFiles/f411re_blinking.elf.dir/Drivers/STM32F4xx_HAL_Driver/Src/stm32f4xx_hal_dma.c.obj
 .debug_info    0x00000000      0x8e4 CMakeFiles/f411re_blinking.elf.dir/Drivers/STM32F4xx_HAL_Driver/Src/stm32f4xx_hal_dma.c.obj
 .debug_abbrev  0x00000000      0x1ee CMakeFiles/f411re_blinking.elf.dir/Drivers/STM32F4xx_HAL_Driver/Src/stm32f4xx_hal_dma.c.obj
 .debug_aranges
                0x00000000       0x90 CMakeFiles/f411re_blinking.elf.dir/Drivers/STM32F4xx_HAL_Driver/Src/stm32f4xx_hal_dma.c.obj
 .debug_ranges  0x00000000       0x80 CMakeFiles/f411re_blinking.elf.dir/Drivers/STM32F4xx_HAL_Driver/Src/stm32f4xx_hal_dma.c.obj
 .debug_line    0x00000000      0x5a9 CMakeFiles/f411re_blinking.elf.dir/Drivers/STM32F4xx_HAL_Driver/Src/stm32f4xx_hal_dma.c.obj
 .debug_str     0x00000000      0x816 CMakeFiles/f411re_blinking.elf.dir/Drivers/STM32F4xx_HAL_Driver/Src/stm32f4xx_hal_dma.c.obj
 .comment       0x00000000       0x6f CMakeFiles/f411re_blinking.elf.dir/Drivers/STM32F4xx_HAL_Driver/Src/stm32f4xx_hal_dma.c.obj
 .debug_frame   0x00000000      0x250 CMakeFiles/f411re_blinking.elf.dir/Drivers/STM32F4xx_HAL_Driver/Src/stm32f4xx_hal_dma.c.obj
 .ARM.attributes
                0x00000000       0x39 CMakeFiles/f411re_blinking.elf.dir/Drivers/STM32F4xx_HAL_Driver/Src/stm32f4xx_hal_dma.c.obj
 .text          0x00000000        0x0 CMakeFiles/f411re_blinking.elf.dir/Drivers/STM32F4xx_HAL_Driver/Src/stm32f4xx_hal_dma_ex.c.obj
 .data          0x00000000        0x0 CMakeFiles/f411re_blinking.elf.dir/Drivers/STM32F4xx_HAL_Driver/Src/stm32f4xx_hal_dma_ex.c.obj
 .bss           0x00000000        0x0 CMakeFiles/f411re_blinking.elf.dir/Drivers/STM32F4xx_HAL_Driver/Src/stm32f4xx_hal_dma_ex.c.obj
 .text.HAL_DMAEx_MultiBufferStart
                0x00000000       0x98 CMakeFiles/f411re_blinking.elf.dir/Drivers/STM32F4xx_HAL_Driver/Src/stm32f4xx_hal_dma_ex.c.obj
 .text.HAL_DMAEx_MultiBufferStart_IT
                0x00000000     0x1494 CMakeFiles/f411re_blinking.elf.dir/Drivers/STM32F4xx_HAL_Driver/Src/stm32f4xx_hal_dma_ex.c.obj
 .text.HAL_DMAEx_ChangeMemory
                0x00000000       0x34 CMakeFiles/f411re_blinking.elf.dir/Drivers/STM32F4xx_HAL_Driver/Src/stm32f4xx_hal_dma_ex.c.obj
 .text.DMA_MultiBufferSetConfig
                0x00000000       0x4c CMakeFiles/f411re_blinking.elf.dir/Drivers/STM32F4xx_HAL_Driver/Src/stm32f4xx_hal_dma_ex.c.obj
 .debug_info    0x00000000      0x514 CMakeFiles/f411re_blinking.elf.dir/Drivers/STM32F4xx_HAL_Driver/Src/stm32f4xx_hal_dma_ex.c.obj
 .debug_abbrev  0x00000000      0x13e CMakeFiles/f411re_blinking.elf.dir/Drivers/STM32F4xx_HAL_Driver/Src/stm32f4xx_hal_dma_ex.c.obj
 .debug_aranges
                0x00000000       0x38 CMakeFiles/f411re_blinking.elf.dir/Drivers/STM32F4xx_HAL_Driver/Src/stm32f4xx_hal_dma_ex.c.obj
 .debug_ranges  0x00000000       0x28 CMakeFiles/f411re_blinking.elf.dir/Drivers/STM32F4xx_HAL_Driver/Src/stm32f4xx_hal_dma_ex.c.obj
 .debug_line    0x00000000      0xe67 CMakeFiles/f411re_blinking.elf.dir/Drivers/STM32F4xx_HAL_Driver/Src/stm32f4xx_hal_dma_ex.c.obj
 .debug_str     0x00000000      0x5f5 CMakeFiles/f411re_blinking.elf.dir/Drivers/STM32F4xx_HAL_Driver/Src/stm32f4xx_hal_dma_ex.c.obj
 .comment       0x00000000       0x6f CMakeFiles/f411re_blinking.elf.dir/Drivers/STM32F4xx_HAL_Driver/Src/stm32f4xx_hal_dma_ex.c.obj
 .debug_frame   0x00000000       0xac CMakeFiles/f411re_blinking.elf.dir/Drivers/STM32F4xx_HAL_Driver/Src/stm32f4xx_hal_dma_ex.c.obj
 .ARM.attributes
                0x00000000       0x39 CMakeFiles/f411re_blinking.elf.dir/Drivers/STM32F4xx_HAL_Driver/Src/stm32f4xx_hal_dma_ex.c.obj
 .text          0x00000000        0x0 CMakeFiles/f411re_blinking.elf.dir/Drivers/STM32F4xx_HAL_Driver/Src/stm32f4xx_hal_flash.c.obj
 .data          0x00000000        0x0 CMakeFiles/f411re_blinking.elf.dir/Drivers/STM32F4xx_HAL_Driver/Src/stm32f4xx_hal_flash.c.obj
 .bss           0x00000000        0x0 CMakeFiles/f411re_blinking.elf.dir/Drivers/STM32F4xx_HAL_Driver/Src/stm32f4xx_hal_flash.c.obj
 .bss.pFlash    0x00000000       0x20 CMakeFiles/f411re_blinking.elf.dir/Drivers/STM32F4xx_HAL_Driver/Src/stm32f4xx_hal_flash.c.obj
 .text.HAL_FLASH_Program
                0x00000000       0xa8 CMakeFiles/f411re_blinking.elf.dir/Drivers/STM32F4xx_HAL_Driver/Src/stm32f4xx_hal_flash.c.obj
 .text.HAL_FLASH_Program_IT
                0x00000000       0x9c CMakeFiles/f411re_blinking.elf.dir/Drivers/STM32F4xx_HAL_Driver/Src/stm32f4xx_hal_flash.c.obj
 .text.HAL_FLASH_IRQHandler
                0x00000000      0x140 CMakeFiles/f411re_blinking.elf.dir/Drivers/STM32F4xx_HAL_Driver/Src/stm32f4xx_hal_flash.c.obj
 .text.HAL_FLASH_EndOfOperationCallback
                0x00000000       0x14 CMakeFiles/f411re_blinking.elf.dir/Drivers/STM32F4xx_HAL_Driver/Src/stm32f4xx_hal_flash.c.obj
 .text.HAL_FLASH_OperationErrorCallback
                0x00000000       0x14 CMakeFiles/f411re_blinking.elf.dir/Drivers/STM32F4xx_HAL_Driver/Src/stm32f4xx_hal_flash.c.obj
 .text.HAL_FLASH_Unlock
                0x00000000       0x34 CMakeFiles/f411re_blinking.elf.dir/Drivers/STM32F4xx_HAL_Driver/Src/stm32f4xx_hal_flash.c.obj
 .text.HAL_FLASH_Lock
                0x00000000       0x20 CMakeFiles/f411re_blinking.elf.dir/Drivers/STM32F4xx_HAL_Driver/Src/stm32f4xx_hal_flash.c.obj
 .text.HAL_FLASH_OB_Unlock
                0x00000000       0x38 CMakeFiles/f411re_blinking.elf.dir/Drivers/STM32F4xx_HAL_Driver/Src/stm32f4xx_hal_flash.c.obj
 .text.HAL_FLASH_OB_Lock
                0x00000000       0x20 CMakeFiles/f411re_blinking.elf.dir/Drivers/STM32F4xx_HAL_Driver/Src/stm32f4xx_hal_flash.c.obj
 .text.HAL_FLASH_OB_Launch
                0x00000000       0x28 CMakeFiles/f411re_blinking.elf.dir/Drivers/STM32F4xx_HAL_Driver/Src/stm32f4xx_hal_flash.c.obj
 .text.HAL_FLASH_GetError
                0x00000000       0x18 CMakeFiles/f411re_blinking.elf.dir/Drivers/STM32F4xx_HAL_Driver/Src/stm32f4xx_hal_flash.c.obj
 .text.FLASH_WaitForLastOperation
                0x00000000       0x84 CMakeFiles/f411re_blinking.elf.dir/Drivers/STM32F4xx_HAL_Driver/Src/stm32f4xx_hal_flash.c.obj
 .text.FLASH_Program_DoubleWord
                0x00000000       0x48 CMakeFiles/f411re_blinking.elf.dir/Drivers/STM32F4xx_HAL_Driver/Src/stm32f4xx_hal_flash.c.obj
 .text.FLASH_Program_Word
                0x00000000       0x44 CMakeFiles/f411re_blinking.elf.dir/Drivers/STM32F4xx_HAL_Driver/Src/stm32f4xx_hal_flash.c.obj
 .text.FLASH_Program_HalfWord
                0x00000000       0x48 CMakeFiles/f411re_blinking.elf.dir/Drivers/STM32F4xx_HAL_Driver/Src/stm32f4xx_hal_flash.c.obj
 .text.FLASH_Program_Byte
                0x00000000       0x44 CMakeFiles/f411re_blinking.elf.dir/Drivers/STM32F4xx_HAL_Driver/Src/stm32f4xx_hal_flash.c.obj
 .text.FLASH_SetErrorCode
                0x00000000       0xcc CMakeFiles/f411re_blinking.elf.dir/Drivers/STM32F4xx_HAL_Driver/Src/stm32f4xx_hal_flash.c.obj
 .debug_info    0x00000000      0x552 CMakeFiles/f411re_blinking.elf.dir/Drivers/STM32F4xx_HAL_Driver/Src/stm32f4xx_hal_flash.c.obj
 .debug_abbrev  0x00000000      0x1df CMakeFiles/f411re_blinking.elf.dir/Drivers/STM32F4xx_HAL_Driver/Src/stm32f4xx_hal_flash.c.obj
 .debug_aranges
                0x00000000       0xa0 CMakeFiles/f411re_blinking.elf.dir/Drivers/STM32F4xx_HAL_Driver/Src/stm32f4xx_hal_flash.c.obj
 .debug_ranges  0x00000000       0x90 CMakeFiles/f411re_blinking.elf.dir/Drivers/STM32F4xx_HAL_Driver/Src/stm32f4xx_hal_flash.c.obj
 .debug_line    0x00000000      0x49e CMakeFiles/f411re_blinking.elf.dir/Drivers/STM32F4xx_HAL_Driver/Src/stm32f4xx_hal_flash.c.obj
 .debug_str     0x00000000      0x5bf CMakeFiles/f411re_blinking.elf.dir/Drivers/STM32F4xx_HAL_Driver/Src/stm32f4xx_hal_flash.c.obj
 .comment       0x00000000       0x6f CMakeFiles/f411re_blinking.elf.dir/Drivers/STM32F4xx_HAL_Driver/Src/stm32f4xx_hal_flash.c.obj
 .debug_frame   0x00000000      0x26c CMakeFiles/f411re_blinking.elf.dir/Drivers/STM32F4xx_HAL_Driver/Src/stm32f4xx_hal_flash.c.obj
 .ARM.attributes
                0x00000000       0x39 CMakeFiles/f411re_blinking.elf.dir/Drivers/STM32F4xx_HAL_Driver/Src/stm32f4xx_hal_flash.c.obj
 .text          0x00000000        0x0 CMakeFiles/f411re_blinking.elf.dir/Drivers/STM32F4xx_HAL_Driver/Src/stm32f4xx_hal_flash_ex.c.obj
 .data          0x00000000        0x0 CMakeFiles/f411re_blinking.elf.dir/Drivers/STM32F4xx_HAL_Driver/Src/stm32f4xx_hal_flash_ex.c.obj
 .bss           0x00000000        0x0 CMakeFiles/f411re_blinking.elf.dir/Drivers/STM32F4xx_HAL_Driver/Src/stm32f4xx_hal_flash_ex.c.obj
 .text.HAL_FLASHEx_Erase
                0x00000000       0xe0 CMakeFiles/f411re_blinking.elf.dir/Drivers/STM32F4xx_HAL_Driver/Src/stm32f4xx_hal_flash_ex.c.obj
 .text.HAL_FLASHEx_Erase_IT
                0x00000000       0xac CMakeFiles/f411re_blinking.elf.dir/Drivers/STM32F4xx_HAL_Driver/Src/stm32f4xx_hal_flash_ex.c.obj
 .text.HAL_FLASHEx_OBProgram
                0x00000000       0xdc CMakeFiles/f411re_blinking.elf.dir/Drivers/STM32F4xx_HAL_Driver/Src/stm32f4xx_hal_flash_ex.c.obj
 .text.HAL_FLASHEx_OBGetConfig
                0x00000000       0x48 CMakeFiles/f411re_blinking.elf.dir/Drivers/STM32F4xx_HAL_Driver/Src/stm32f4xx_hal_flash_ex.c.obj
 .text.HAL_FLASHEx_AdvOBProgram
                0x00000000       0x48 CMakeFiles/f411re_blinking.elf.dir/Drivers/STM32F4xx_HAL_Driver/Src/stm32f4xx_hal_flash_ex.c.obj
 .text.HAL_FLASHEx_AdvOBGetConfig
                0x00000000       0x24 CMakeFiles/f411re_blinking.elf.dir/Drivers/STM32F4xx_HAL_Driver/Src/stm32f4xx_hal_flash_ex.c.obj
 .text.HAL_FLASHEx_OB_SelectPCROP
                0x00000000       0x34 CMakeFiles/f411re_blinking.elf.dir/Drivers/STM32F4xx_HAL_Driver/Src/stm32f4xx_hal_flash_ex.c.obj
 .text.HAL_FLASHEx_OB_DeSelectPCROP
                0x00000000       0x30 CMakeFiles/f411re_blinking.elf.dir/Drivers/STM32F4xx_HAL_Driver/Src/stm32f4xx_hal_flash_ex.c.obj
 .text.FLASH_MassErase
                0x00000000       0x48 CMakeFiles/f411re_blinking.elf.dir/Drivers/STM32F4xx_HAL_Driver/Src/stm32f4xx_hal_flash_ex.c.obj
 .text.FLASH_Erase_Sector
                0x00000000       0xa4 CMakeFiles/f411re_blinking.elf.dir/Drivers/STM32F4xx_HAL_Driver/Src/stm32f4xx_hal_flash_ex.c.obj
 .text.FLASH_OB_EnableWRP
                0x00000000       0x44 CMakeFiles/f411re_blinking.elf.dir/Drivers/STM32F4xx_HAL_Driver/Src/stm32f4xx_hal_flash_ex.c.obj
 .text.FLASH_OB_DisableWRP
                0x00000000       0x40 CMakeFiles/f411re_blinking.elf.dir/Drivers/STM32F4xx_HAL_Driver/Src/stm32f4xx_hal_flash_ex.c.obj
 .text.FLASH_OB_EnablePCROP
                0x00000000       0x40 CMakeFiles/f411re_blinking.elf.dir/Drivers/STM32F4xx_HAL_Driver/Src/stm32f4xx_hal_flash_ex.c.obj
 .text.FLASH_OB_DisablePCROP
                0x00000000       0x44 CMakeFiles/f411re_blinking.elf.dir/Drivers/STM32F4xx_HAL_Driver/Src/stm32f4xx_hal_flash_ex.c.obj
 .text.FLASH_OB_RDP_LevelConfig
                0x00000000       0x34 CMakeFiles/f411re_blinking.elf.dir/Drivers/STM32F4xx_HAL_Driver/Src/stm32f4xx_hal_flash_ex.c.obj
 .text.FLASH_OB_UserConfig
                0x00000000       0x60 CMakeFiles/f411re_blinking.elf.dir/Drivers/STM32F4xx_HAL_Driver/Src/stm32f4xx_hal_flash_ex.c.obj
 .text.FLASH_OB_BOR_LevelConfig
                0x00000000       0x3c CMakeFiles/f411re_blinking.elf.dir/Drivers/STM32F4xx_HAL_Driver/Src/stm32f4xx_hal_flash_ex.c.obj
 .text.FLASH_OB_GetUser
                0x00000000       0x20 CMakeFiles/f411re_blinking.elf.dir/Drivers/STM32F4xx_HAL_Driver/Src/stm32f4xx_hal_flash_ex.c.obj
 .text.FLASH_OB_GetWRP
                0x00000000       0x18 CMakeFiles/f411re_blinking.elf.dir/Drivers/STM32F4xx_HAL_Driver/Src/stm32f4xx_hal_flash_ex.c.obj
 .text.FLASH_OB_GetRDP
                0x00000000       0x40 CMakeFiles/f411re_blinking.elf.dir/Drivers/STM32F4xx_HAL_Driver/Src/stm32f4xx_hal_flash_ex.c.obj
 .text.FLASH_OB_GetBOR
                0x00000000       0x20 CMakeFiles/f411re_blinking.elf.dir/Drivers/STM32F4xx_HAL_Driver/Src/stm32f4xx_hal_flash_ex.c.obj
 .text.FLASH_FlushCaches
                0x00000000       0x8c CMakeFiles/f411re_blinking.elf.dir/Drivers/STM32F4xx_HAL_Driver/Src/stm32f4xx_hal_flash_ex.c.obj
 .debug_info    0x00000000      0x836 CMakeFiles/f411re_blinking.elf.dir/Drivers/STM32F4xx_HAL_Driver/Src/stm32f4xx_hal_flash_ex.c.obj
 .debug_abbrev  0x00000000      0x275 CMakeFiles/f411re_blinking.elf.dir/Drivers/STM32F4xx_HAL_Driver/Src/stm32f4xx_hal_flash_ex.c.obj
 .debug_aranges
                0x00000000       0xc8 CMakeFiles/f411re_blinking.elf.dir/Drivers/STM32F4xx_HAL_Driver/Src/stm32f4xx_hal_flash_ex.c.obj
 .debug_ranges  0x00000000       0xb8 CMakeFiles/f411re_blinking.elf.dir/Drivers/STM32F4xx_HAL_Driver/Src/stm32f4xx_hal_flash_ex.c.obj
 .debug_line    0x00000000      0x555 CMakeFiles/f411re_blinking.elf.dir/Drivers/STM32F4xx_HAL_Driver/Src/stm32f4xx_hal_flash_ex.c.obj
 .debug_str     0x00000000      0x712 CMakeFiles/f411re_blinking.elf.dir/Drivers/STM32F4xx_HAL_Driver/Src/stm32f4xx_hal_flash_ex.c.obj
 .comment       0x00000000       0x6f CMakeFiles/f411re_blinking.elf.dir/Drivers/STM32F4xx_HAL_Driver/Src/stm32f4xx_hal_flash_ex.c.obj
 .debug_frame   0x00000000      0x334 CMakeFiles/f411re_blinking.elf.dir/Drivers/STM32F4xx_HAL_Driver/Src/stm32f4xx_hal_flash_ex.c.obj
 .ARM.attributes
                0x00000000       0x39 CMakeFiles/f411re_blinking.elf.dir/Drivers/STM32F4xx_HAL_Driver/Src/stm32f4xx_hal_flash_ex.c.obj
 .text          0x00000000        0x0 CMakeFiles/f411re_blinking.elf.dir/Drivers/STM32F4xx_HAL_Driver/Src/stm32f4xx_hal_flash_ramfunc.c.obj
 .data          0x00000000        0x0 CMakeFiles/f411re_blinking.elf.dir/Drivers/STM32F4xx_HAL_Driver/Src/stm32f4xx_hal_flash_ramfunc.c.obj
 .bss           0x00000000        0x0 CMakeFiles/f411re_blinking.elf.dir/Drivers/STM32F4xx_HAL_Driver/Src/stm32f4xx_hal_flash_ramfunc.c.obj
 .RamFunc       0x00000000      0x110 CMakeFiles/f411re_blinking.elf.dir/Drivers/STM32F4xx_HAL_Driver/Src/stm32f4xx_hal_flash_ramfunc.c.obj
 .debug_info    0x00000000      0x3b8 CMakeFiles/f411re_blinking.elf.dir/Drivers/STM32F4xx_HAL_Driver/Src/stm32f4xx_hal_flash_ramfunc.c.obj
 .debug_abbrev  0x00000000       0xe5 CMakeFiles/f411re_blinking.elf.dir/Drivers/STM32F4xx_HAL_Driver/Src/stm32f4xx_hal_flash_ramfunc.c.obj
 .debug_aranges
                0x00000000       0x38 CMakeFiles/f411re_blinking.elf.dir/Drivers/STM32F4xx_HAL_Driver/Src/stm32f4xx_hal_flash_ramfunc.c.obj
 .debug_ranges  0x00000000       0x28 CMakeFiles/f411re_blinking.elf.dir/Drivers/STM32F4xx_HAL_Driver/Src/stm32f4xx_hal_flash_ramfunc.c.obj
 .debug_line    0x00000000      0x2c6 CMakeFiles/f411re_blinking.elf.dir/Drivers/STM32F4xx_HAL_Driver/Src/stm32f4xx_hal_flash_ramfunc.c.obj
 .debug_str     0x00000000      0x45b CMakeFiles/f411re_blinking.elf.dir/Drivers/STM32F4xx_HAL_Driver/Src/stm32f4xx_hal_flash_ramfunc.c.obj
 .comment       0x00000000       0x6f CMakeFiles/f411re_blinking.elf.dir/Drivers/STM32F4xx_HAL_Driver/Src/stm32f4xx_hal_flash_ramfunc.c.obj
 .debug_frame   0x00000000       0xb0 CMakeFiles/f411re_blinking.elf.dir/Drivers/STM32F4xx_HAL_Driver/Src/stm32f4xx_hal_flash_ramfunc.c.obj
 .ARM.attributes
                0x00000000       0x39 CMakeFiles/f411re_blinking.elf.dir/Drivers/STM32F4xx_HAL_Driver/Src/stm32f4xx_hal_flash_ramfunc.c.obj
 .text          0x00000000        0x0 CMakeFiles/f411re_blinking.elf.dir/Drivers/STM32F4xx_HAL_Driver/Src/stm32f4xx_hal_gpio.c.obj
 .data          0x00000000        0x0 CMakeFiles/f411re_blinking.elf.dir/Drivers/STM32F4xx_HAL_Driver/Src/stm32f4xx_hal_gpio.c.obj
 .bss           0x00000000        0x0 CMakeFiles/f411re_blinking.elf.dir/Drivers/STM32F4xx_HAL_Driver/Src/stm32f4xx_hal_gpio.c.obj
 .text.HAL_GPIO_Init
                0x00000000      0x304 CMakeFiles/f411re_blinking.elf.dir/Drivers/STM32F4xx_HAL_Driver/Src/stm32f4xx_hal_gpio.c.obj
 .text.HAL_GPIO_DeInit
                0x00000000      0x1c8 CMakeFiles/f411re_blinking.elf.dir/Drivers/STM32F4xx_HAL_Driver/Src/stm32f4xx_hal_gpio.c.obj
 .text.HAL_GPIO_ReadPin
                0x00000000       0x30 CMakeFiles/f411re_blinking.elf.dir/Drivers/STM32F4xx_HAL_Driver/Src/stm32f4xx_hal_gpio.c.obj
 .text.HAL_GPIO_WritePin
                0x00000000       0x34 CMakeFiles/f411re_blinking.elf.dir/Drivers/STM32F4xx_HAL_Driver/Src/stm32f4xx_hal_gpio.c.obj
 .text.HAL_GPIO_TogglePin
                0x00000000       0x24 CMakeFiles/f411re_blinking.elf.dir/Drivers/STM32F4xx_HAL_Driver/Src/stm32f4xx_hal_gpio.c.obj
 .text.HAL_GPIO_LockPin
                0x00000000       0x50 CMakeFiles/f411re_blinking.elf.dir/Drivers/STM32F4xx_HAL_Driver/Src/stm32f4xx_hal_gpio.c.obj
 .text.HAL_GPIO_EXTI_IRQHandler
                0x00000000       0x30 CMakeFiles/f411re_blinking.elf.dir/Drivers/STM32F4xx_HAL_Driver/Src/stm32f4xx_hal_gpio.c.obj
 .text.HAL_GPIO_EXTI_Callback
                0x00000000       0x18 CMakeFiles/f411re_blinking.elf.dir/Drivers/STM32F4xx_HAL_Driver/Src/stm32f4xx_hal_gpio.c.obj
 .debug_info    0x00000000      0x73e CMakeFiles/f411re_blinking.elf.dir/Drivers/STM32F4xx_HAL_Driver/Src/stm32f4xx_hal_gpio.c.obj
 .debug_abbrev  0x00000000      0x1ac CMakeFiles/f411re_blinking.elf.dir/Drivers/STM32F4xx_HAL_Driver/Src/stm32f4xx_hal_gpio.c.obj
 .debug_aranges
                0x00000000       0x58 CMakeFiles/f411re_blinking.elf.dir/Drivers/STM32F4xx_HAL_Driver/Src/stm32f4xx_hal_gpio.c.obj
 .debug_ranges  0x00000000       0x48 CMakeFiles/f411re_blinking.elf.dir/Drivers/STM32F4xx_HAL_Driver/Src/stm32f4xx_hal_gpio.c.obj
 .debug_line    0x00000000      0x464 CMakeFiles/f411re_blinking.elf.dir/Drivers/STM32F4xx_HAL_Driver/Src/stm32f4xx_hal_gpio.c.obj
 .debug_str     0x00000000      0x59e CMakeFiles/f411re_blinking.elf.dir/Drivers/STM32F4xx_HAL_Driver/Src/stm32f4xx_hal_gpio.c.obj
 .comment       0x00000000       0x6f CMakeFiles/f411re_blinking.elf.dir/Drivers/STM32F4xx_HAL_Driver/Src/stm32f4xx_hal_gpio.c.obj
 .debug_frame   0x00000000      0x14c CMakeFiles/f411re_blinking.elf.dir/Drivers/STM32F4xx_HAL_Driver/Src/stm32f4xx_hal_gpio.c.obj
 .ARM.attributes
                0x00000000       0x39 CMakeFiles/f411re_blinking.elf.dir/Drivers/STM32F4xx_HAL_Driver/Src/stm32f4xx_hal_gpio.c.obj
 .text          0x00000000        0x0 CMakeFiles/f411re_blinking.elf.dir/Drivers/STM32F4xx_HAL_Driver/Src/stm32f4xx_hal_pwr.c.obj
 .data          0x00000000        0x0 CMakeFiles/f411re_blinking.elf.dir/Drivers/STM32F4xx_HAL_Driver/Src/stm32f4xx_hal_pwr.c.obj
 .bss           0x00000000        0x0 CMakeFiles/f411re_blinking.elf.dir/Drivers/STM32F4xx_HAL_Driver/Src/stm32f4xx_hal_pwr.c.obj
 .text.HAL_PWR_DeInit
                0x00000000       0x2c CMakeFiles/f411re_blinking.elf.dir/Drivers/STM32F4xx_HAL_Driver/Src/stm32f4xx_hal_pwr.c.obj
 .text.HAL_PWR_EnableBkUpAccess
                0x00000000       0x38 CMakeFiles/f411re_blinking.elf.dir/Drivers/STM32F4xx_HAL_Driver/Src/stm32f4xx_hal_pwr.c.obj
 .text.HAL_PWR_DisableBkUpAccess
                0x00000000       0x38 CMakeFiles/f411re_blinking.elf.dir/Drivers/STM32F4xx_HAL_Driver/Src/stm32f4xx_hal_pwr.c.obj
 .text.HAL_PWR_ConfigPVD
                0x00000000       0xc0 CMakeFiles/f411re_blinking.elf.dir/Drivers/STM32F4xx_HAL_Driver/Src/stm32f4xx_hal_pwr.c.obj
 .text.HAL_PWR_EnablePVD
                0x00000000       0x34 CMakeFiles/f411re_blinking.elf.dir/Drivers/STM32F4xx_HAL_Driver/Src/stm32f4xx_hal_pwr.c.obj
 .text.HAL_PWR_DisablePVD
                0x00000000       0x34 CMakeFiles/f411re_blinking.elf.dir/Drivers/STM32F4xx_HAL_Driver/Src/stm32f4xx_hal_pwr.c.obj
 .text.HAL_PWR_EnableWakeUpPin
                0x00000000       0x24 CMakeFiles/f411re_blinking.elf.dir/Drivers/STM32F4xx_HAL_Driver/Src/stm32f4xx_hal_pwr.c.obj
 .text.HAL_PWR_DisableWakeUpPin
                0x00000000       0x28 CMakeFiles/f411re_blinking.elf.dir/Drivers/STM32F4xx_HAL_Driver/Src/stm32f4xx_hal_pwr.c.obj
 .text.HAL_PWR_EnterSLEEPMode
                0x00000000       0x38 CMakeFiles/f411re_blinking.elf.dir/Drivers/STM32F4xx_HAL_Driver/Src/stm32f4xx_hal_pwr.c.obj
 .text.HAL_PWR_EnterSTOPMode
                0x00000000       0x58 CMakeFiles/f411re_blinking.elf.dir/Drivers/STM32F4xx_HAL_Driver/Src/stm32f4xx_hal_pwr.c.obj
 .text.HAL_PWR_EnterSTANDBYMode
                0x00000000       0x30 CMakeFiles/f411re_blinking.elf.dir/Drivers/STM32F4xx_HAL_Driver/Src/stm32f4xx_hal_pwr.c.obj
 .text.HAL_PWR_PVD_IRQHandler
                0x00000000       0x24 CMakeFiles/f411re_blinking.elf.dir/Drivers/STM32F4xx_HAL_Driver/Src/stm32f4xx_hal_pwr.c.obj
 .text.HAL_PWR_PVDCallback
                0x00000000       0x10 CMakeFiles/f411re_blinking.elf.dir/Drivers/STM32F4xx_HAL_Driver/Src/stm32f4xx_hal_pwr.c.obj
 .text.HAL_PWR_EnableSleepOnExit
                0x00000000       0x20 CMakeFiles/f411re_blinking.elf.dir/Drivers/STM32F4xx_HAL_Driver/Src/stm32f4xx_hal_pwr.c.obj
 .text.HAL_PWR_DisableSleepOnExit
                0x00000000       0x20 CMakeFiles/f411re_blinking.elf.dir/Drivers/STM32F4xx_HAL_Driver/Src/stm32f4xx_hal_pwr.c.obj
 .text.HAL_PWR_EnableSEVOnPend
                0x00000000       0x20 CMakeFiles/f411re_blinking.elf.dir/Drivers/STM32F4xx_HAL_Driver/Src/stm32f4xx_hal_pwr.c.obj
 .text.HAL_PWR_DisableSEVOnPend
                0x00000000       0x20 CMakeFiles/f411re_blinking.elf.dir/Drivers/STM32F4xx_HAL_Driver/Src/stm32f4xx_hal_pwr.c.obj
 .debug_info    0x00000000      0x88a CMakeFiles/f411re_blinking.elf.dir/Drivers/STM32F4xx_HAL_Driver/Src/stm32f4xx_hal_pwr.c.obj
 .debug_abbrev  0x00000000      0x1f5 CMakeFiles/f411re_blinking.elf.dir/Drivers/STM32F4xx_HAL_Driver/Src/stm32f4xx_hal_pwr.c.obj
 .debug_aranges
                0x00000000       0xa0 CMakeFiles/f411re_blinking.elf.dir/Drivers/STM32F4xx_HAL_Driver/Src/stm32f4xx_hal_pwr.c.obj
 .debug_ranges  0x00000000       0x90 CMakeFiles/f411re_blinking.elf.dir/Drivers/STM32F4xx_HAL_Driver/Src/stm32f4xx_hal_pwr.c.obj
 .debug_line    0x00000000      0x45c CMakeFiles/f411re_blinking.elf.dir/Drivers/STM32F4xx_HAL_Driver/Src/stm32f4xx_hal_pwr.c.obj
 .debug_str     0x00000000      0x61b CMakeFiles/f411re_blinking.elf.dir/Drivers/STM32F4xx_HAL_Driver/Src/stm32f4xx_hal_pwr.c.obj
 .comment       0x00000000       0x6f CMakeFiles/f411re_blinking.elf.dir/Drivers/STM32F4xx_HAL_Driver/Src/stm32f4xx_hal_pwr.c.obj
 .debug_frame   0x00000000      0x274 CMakeFiles/f411re_blinking.elf.dir/Drivers/STM32F4xx_HAL_Driver/Src/stm32f4xx_hal_pwr.c.obj
 .ARM.attributes
                0x00000000       0x39 CMakeFiles/f411re_blinking.elf.dir/Drivers/STM32F4xx_HAL_Driver/Src/stm32f4xx_hal_pwr.c.obj
 .text          0x00000000        0x0 CMakeFiles/f411re_blinking.elf.dir/Drivers/STM32F4xx_HAL_Driver/Src/stm32f4xx_hal_pwr_ex.c.obj
 .data          0x00000000        0x0 CMakeFiles/f411re_blinking.elf.dir/Drivers/STM32F4xx_HAL_Driver/Src/stm32f4xx_hal_pwr_ex.c.obj
 .bss           0x00000000        0x0 CMakeFiles/f411re_blinking.elf.dir/Drivers/STM32F4xx_HAL_Driver/Src/stm32f4xx_hal_pwr_ex.c.obj
 .text.HAL_PWREx_EnableBkUpReg
                0x00000000       0x68 CMakeFiles/f411re_blinking.elf.dir/Drivers/STM32F4xx_HAL_Driver/Src/stm32f4xx_hal_pwr_ex.c.obj
 .text.HAL_PWREx_DisableBkUpReg
                0x00000000       0x68 CMakeFiles/f411re_blinking.elf.dir/Drivers/STM32F4xx_HAL_Driver/Src/stm32f4xx_hal_pwr_ex.c.obj
 .text.HAL_PWREx_EnableFlashPowerDown
                0x00000000       0x38 CMakeFiles/f411re_blinking.elf.dir/Drivers/STM32F4xx_HAL_Driver/Src/stm32f4xx_hal_pwr_ex.c.obj
 .text.HAL_PWREx_DisableFlashPowerDown
                0x00000000       0x38 CMakeFiles/f411re_blinking.elf.dir/Drivers/STM32F4xx_HAL_Driver/Src/stm32f4xx_hal_pwr_ex.c.obj
 .text.HAL_PWREx_GetVoltageRange
                0x00000000       0x1c CMakeFiles/f411re_blinking.elf.dir/Drivers/STM32F4xx_HAL_Driver/Src/stm32f4xx_hal_pwr_ex.c.obj
 .text.HAL_PWREx_ControlVoltageScaling
                0x00000000       0xf0 CMakeFiles/f411re_blinking.elf.dir/Drivers/STM32F4xx_HAL_Driver/Src/stm32f4xx_hal_pwr_ex.c.obj
 .text.HAL_PWREx_EnableMainRegulatorLowVoltage
                0x00000000       0x38 CMakeFiles/f411re_blinking.elf.dir/Drivers/STM32F4xx_HAL_Driver/Src/stm32f4xx_hal_pwr_ex.c.obj
 .text.HAL_PWREx_DisableMainRegulatorLowVoltage
                0x00000000       0x38 CMakeFiles/f411re_blinking.elf.dir/Drivers/STM32F4xx_HAL_Driver/Src/stm32f4xx_hal_pwr_ex.c.obj
 .text.HAL_PWREx_EnableLowRegulatorLowVoltage
                0x00000000       0x38 CMakeFiles/f411re_blinking.elf.dir/Drivers/STM32F4xx_HAL_Driver/Src/stm32f4xx_hal_pwr_ex.c.obj
 .text.HAL_PWREx_DisableLowRegulatorLowVoltage
                0x00000000       0x38 CMakeFiles/f411re_blinking.elf.dir/Drivers/STM32F4xx_HAL_Driver/Src/stm32f4xx_hal_pwr_ex.c.obj
 .debug_info    0x00000000      0x612 CMakeFiles/f411re_blinking.elf.dir/Drivers/STM32F4xx_HAL_Driver/Src/stm32f4xx_hal_pwr_ex.c.obj
 .debug_abbrev  0x00000000      0x1de CMakeFiles/f411re_blinking.elf.dir/Drivers/STM32F4xx_HAL_Driver/Src/stm32f4xx_hal_pwr_ex.c.obj
 .debug_aranges
                0x00000000       0x68 CMakeFiles/f411re_blinking.elf.dir/Drivers/STM32F4xx_HAL_Driver/Src/stm32f4xx_hal_pwr_ex.c.obj
 .debug_ranges  0x00000000       0x58 CMakeFiles/f411re_blinking.elf.dir/Drivers/STM32F4xx_HAL_Driver/Src/stm32f4xx_hal_pwr_ex.c.obj
 .debug_line    0x00000000      0x402 CMakeFiles/f411re_blinking.elf.dir/Drivers/STM32F4xx_HAL_Driver/Src/stm32f4xx_hal_pwr_ex.c.obj
 .debug_str     0x00000000      0x56a CMakeFiles/f411re_blinking.elf.dir/Drivers/STM32F4xx_HAL_Driver/Src/stm32f4xx_hal_pwr_ex.c.obj
 .comment       0x00000000       0x6f CMakeFiles/f411re_blinking.elf.dir/Drivers/STM32F4xx_HAL_Driver/Src/stm32f4xx_hal_pwr_ex.c.obj
 .debug_frame   0x00000000      0x18c CMakeFiles/f411re_blinking.elf.dir/Drivers/STM32F4xx_HAL_Driver/Src/stm32f4xx_hal_pwr_ex.c.obj
 .ARM.attributes
                0x00000000       0x39 CMakeFiles/f411re_blinking.elf.dir/Drivers/STM32F4xx_HAL_Driver/Src/stm32f4xx_hal_pwr_ex.c.obj
 .text          0x00000000        0x0 CMakeFiles/f411re_blinking.elf.dir/Drivers/STM32F4xx_HAL_Driver/Src/stm32f4xx_hal_rcc.c.obj
 .data          0x00000000        0x0 CMakeFiles/f411re_blinking.elf.dir/Drivers/STM32F4xx_HAL_Driver/Src/stm32f4xx_hal_rcc.c.obj
 .bss           0x00000000        0x0 CMakeFiles/f411re_blinking.elf.dir/Drivers/STM32F4xx_HAL_Driver/Src/stm32f4xx_hal_rcc.c.obj
 .rodata.APBAHBPrescTable
                0x00000000       0x10 CMakeFiles/f411re_blinking.elf.dir/Drivers/STM32F4xx_HAL_Driver/Src/stm32f4xx_hal_rcc.c.obj
 .text.HAL_RCC_DeInit
                0x00000000       0x10 CMakeFiles/f411re_blinking.elf.dir/Drivers/STM32F4xx_HAL_Driver/Src/stm32f4xx_hal_rcc.c.obj
 .text.HAL_RCC_OscConfig
                0x00000000      0x424 CMakeFiles/f411re_blinking.elf.dir/Drivers/STM32F4xx_HAL_Driver/Src/stm32f4xx_hal_rcc.c.obj
 .text.HAL_RCC_ClockConfig
                0x00000000      0x224 CMakeFiles/f411re_blinking.elf.dir/Drivers/STM32F4xx_HAL_Driver/Src/stm32f4xx_hal_rcc.c.obj
 .text.HAL_RCC_MCOConfig
                0x00000000       0xd0 CMakeFiles/f411re_blinking.elf.dir/Drivers/STM32F4xx_HAL_Driver/Src/stm32f4xx_hal_rcc.c.obj
 .text.HAL_RCC_EnableCSS
                0x00000000       0x18 CMakeFiles/f411re_blinking.elf.dir/Drivers/STM32F4xx_HAL_Driver/Src/stm32f4xx_hal_rcc.c.obj
 .text.HAL_RCC_DisableCSS
                0x00000000       0x18 CMakeFiles/f411re_blinking.elf.dir/Drivers/STM32F4xx_HAL_Driver/Src/stm32f4xx_hal_rcc.c.obj
 .text.HAL_RCC_GetSysClockFreq
                0x00000000       0xfc CMakeFiles/f411re_blinking.elf.dir/Drivers/STM32F4xx_HAL_Driver/Src/stm32f4xx_hal_rcc.c.obj
 .text.HAL_RCC_GetHCLKFreq
                0x00000000       0x18 CMakeFiles/f411re_blinking.elf.dir/Drivers/STM32F4xx_HAL_Driver/Src/stm32f4xx_hal_rcc.c.obj
 .text.HAL_RCC_GetPCLK1Freq
                0x00000000       0x44 CMakeFiles/f411re_blinking.elf.dir/Drivers/STM32F4xx_HAL_Driver/Src/stm32f4xx_hal_rcc.c.obj
 .text.HAL_RCC_GetPCLK2Freq
                0x00000000       0x44 CMakeFiles/f411re_blinking.elf.dir/Drivers/STM32F4xx_HAL_Driver/Src/stm32f4xx_hal_rcc.c.obj
 .text.HAL_RCC_GetOscConfig
                0x00000000      0x170 CMakeFiles/f411re_blinking.elf.dir/Drivers/STM32F4xx_HAL_Driver/Src/stm32f4xx_hal_rcc.c.obj
 .text.HAL_RCC_GetClockConfig
                0x00000000       0x64 CMakeFiles/f411re_blinking.elf.dir/Drivers/STM32F4xx_HAL_Driver/Src/stm32f4xx_hal_rcc.c.obj
 .text.HAL_RCC_NMI_IRQHandler
                0x00000000       0x28 CMakeFiles/f411re_blinking.elf.dir/Drivers/STM32F4xx_HAL_Driver/Src/stm32f4xx_hal_rcc.c.obj
 .text.HAL_RCC_CSSCallback
                0x00000000       0x10 CMakeFiles/f411re_blinking.elf.dir/Drivers/STM32F4xx_HAL_Driver/Src/stm32f4xx_hal_rcc.c.obj
 .debug_info    0x00000000      0xb57 CMakeFiles/f411re_blinking.elf.dir/Drivers/STM32F4xx_HAL_Driver/Src/stm32f4xx_hal_rcc.c.obj
 .debug_abbrev  0x00000000      0x2b0 CMakeFiles/f411re_blinking.elf.dir/Drivers/STM32F4xx_HAL_Driver/Src/stm32f4xx_hal_rcc.c.obj
 .debug_aranges
                0x00000000       0x88 CMakeFiles/f411re_blinking.elf.dir/Drivers/STM32F4xx_HAL_Driver/Src/stm32f4xx_hal_rcc.c.obj
 .debug_ranges  0x00000000       0x78 CMakeFiles/f411re_blinking.elf.dir/Drivers/STM32F4xx_HAL_Driver/Src/stm32f4xx_hal_rcc.c.obj
 .debug_line    0x00000000      0x60b CMakeFiles/f411re_blinking.elf.dir/Drivers/STM32F4xx_HAL_Driver/Src/stm32f4xx_hal_rcc.c.obj
 .debug_str     0x00000000      0x752 CMakeFiles/f411re_blinking.elf.dir/Drivers/STM32F4xx_HAL_Driver/Src/stm32f4xx_hal_rcc.c.obj
 .comment       0x00000000       0x6f CMakeFiles/f411re_blinking.elf.dir/Drivers/STM32F4xx_HAL_Driver/Src/stm32f4xx_hal_rcc.c.obj
 .debug_frame   0x00000000      0x200 CMakeFiles/f411re_blinking.elf.dir/Drivers/STM32F4xx_HAL_Driver/Src/stm32f4xx_hal_rcc.c.obj
 .ARM.attributes
                0x00000000       0x39 CMakeFiles/f411re_blinking.elf.dir/Drivers/STM32F4xx_HAL_Driver/Src/stm32f4xx_hal_rcc.c.obj
 .text          0x00000000        0x0 CMakeFiles/f411re_blinking.elf.dir/Drivers/STM32F4xx_HAL_Driver/Src/stm32f4xx_hal_rcc_ex.c.obj
 .data          0x00000000        0x0 CMakeFiles/f411re_blinking.elf.dir/Drivers/STM32F4xx_HAL_Driver/Src/stm32f4xx_hal_rcc_ex.c.obj
 .bss           0x00000000        0x0 CMakeFiles/f411re_blinking.elf.dir/Drivers/STM32F4xx_HAL_Driver/Src/stm32f4xx_hal_rcc_ex.c.obj
 .text.HAL_RCC_DeInit
                0x00000000       0x88 CMakeFiles/f411re_blinking.elf.dir/Drivers/STM32F4xx_HAL_Driver/Src/stm32f4xx_hal_rcc_ex.c.obj
 .text.HAL_RCCEx_PeriphCLKConfig
                0x00000000      0x200 CMakeFiles/f411re_blinking.elf.dir/Drivers/STM32F4xx_HAL_Driver/Src/stm32f4xx_hal_rcc_ex.c.obj
 .text.HAL_RCCEx_GetPeriphCLKConfig
                0x00000000       0xb0 CMakeFiles/f411re_blinking.elf.dir/Drivers/STM32F4xx_HAL_Driver/Src/stm32f4xx_hal_rcc_ex.c.obj
 .text.HAL_RCCEx_SelectLSEMode
                0x00000000       0x3c CMakeFiles/f411re_blinking.elf.dir/Drivers/STM32F4xx_HAL_Driver/Src/stm32f4xx_hal_rcc_ex.c.obj
 .debug_info    0x00000000      0x57f CMakeFiles/f411re_blinking.elf.dir/Drivers/STM32F4xx_HAL_Driver/Src/stm32f4xx_hal_rcc_ex.c.obj
 .debug_abbrev  0x00000000      0x1a8 CMakeFiles/f411re_blinking.elf.dir/Drivers/STM32F4xx_HAL_Driver/Src/stm32f4xx_hal_rcc_ex.c.obj
 .debug_aranges
                0x00000000       0x38 CMakeFiles/f411re_blinking.elf.dir/Drivers/STM32F4xx_HAL_Driver/Src/stm32f4xx_hal_rcc_ex.c.obj
 .debug_ranges  0x00000000       0x28 CMakeFiles/f411re_blinking.elf.dir/Drivers/STM32F4xx_HAL_Driver/Src/stm32f4xx_hal_rcc_ex.c.obj
 .debug_line    0x00000000      0x3c6 CMakeFiles/f411re_blinking.elf.dir/Drivers/STM32F4xx_HAL_Driver/Src/stm32f4xx_hal_rcc_ex.c.obj
 .debug_str     0x00000000      0x528 CMakeFiles/f411re_blinking.elf.dir/Drivers/STM32F4xx_HAL_Driver/Src/stm32f4xx_hal_rcc_ex.c.obj
 .comment       0x00000000       0x6f CMakeFiles/f411re_blinking.elf.dir/Drivers/STM32F4xx_HAL_Driver/Src/stm32f4xx_hal_rcc_ex.c.obj
 .debug_frame   0x00000000       0xa4 CMakeFiles/f411re_blinking.elf.dir/Drivers/STM32F4xx_HAL_Driver/Src/stm32f4xx_hal_rcc_ex.c.obj
 .ARM.attributes
                0x00000000       0x39 CMakeFiles/f411re_blinking.elf.dir/Drivers/STM32F4xx_HAL_Driver/Src/stm32f4xx_hal_rcc_ex.c.obj
 .text          0x00000000        0x0 CMakeFiles/f411re_blinking.elf.dir/Drivers/STM32F4xx_HAL_Driver/Src/stm32f4xx_hal_tim.c.obj
 .data          0x00000000        0x0 CMakeFiles/f411re_blinking.elf.dir/Drivers/STM32F4xx_HAL_Driver/Src/stm32f4xx_hal_tim.c.obj
 .bss           0x00000000        0x0 CMakeFiles/f411re_blinking.elf.dir/Drivers/STM32F4xx_HAL_Driver/Src/stm32f4xx_hal_tim.c.obj
 .debug_info    0x00000000       0x99 CMakeFiles/f411re_blinking.elf.dir/Drivers/STM32F4xx_HAL_Driver/Src/stm32f4xx_hal_tim.c.obj
 .debug_abbrev  0x00000000       0x4b CMakeFiles/f411re_blinking.elf.dir/Drivers/STM32F4xx_HAL_Driver/Src/stm32f4xx_hal_tim.c.obj
 .debug_aranges
                0x00000000       0x18 CMakeFiles/f411re_blinking.elf.dir/Drivers/STM32F4xx_HAL_Driver/Src/stm32f4xx_hal_tim.c.obj
 .debug_line    0x00000000      0x11f CMakeFiles/f411re_blinking.elf.dir/Drivers/STM32F4xx_HAL_Driver/Src/stm32f4xx_hal_tim.c.obj
 .debug_str     0x00000000      0x25c CMakeFiles/f411re_blinking.elf.dir/Drivers/STM32F4xx_HAL_Driver/Src/stm32f4xx_hal_tim.c.obj
 .comment       0x00000000       0x6f CMakeFiles/f411re_blinking.elf.dir/Drivers/STM32F4xx_HAL_Driver/Src/stm32f4xx_hal_tim.c.obj
 .ARM.attributes
                0x00000000       0x39 CMakeFiles/f411re_blinking.elf.dir/Drivers/STM32F4xx_HAL_Driver/Src/stm32f4xx_hal_tim.c.obj
 .text          0x00000000        0x0 CMakeFiles/f411re_blinking.elf.dir/Drivers/STM32F4xx_HAL_Driver/Src/stm32f4xx_hal_tim_ex.c.obj
 .data          0x00000000        0x0 CMakeFiles/f411re_blinking.elf.dir/Drivers/STM32F4xx_HAL_Driver/Src/stm32f4xx_hal_tim_ex.c.obj
 .bss           0x00000000        0x0 CMakeFiles/f411re_blinking.elf.dir/Drivers/STM32F4xx_HAL_Driver/Src/stm32f4xx_hal_tim_ex.c.obj
 .debug_info    0x00000000       0x99 CMakeFiles/f411re_blinking.elf.dir/Drivers/STM32F4xx_HAL_Driver/Src/stm32f4xx_hal_tim_ex.c.obj
 .debug_abbrev  0x00000000       0x4b CMakeFiles/f411re_blinking.elf.dir/Drivers/STM32F4xx_HAL_Driver/Src/stm32f4xx_hal_tim_ex.c.obj
 .debug_aranges
                0x00000000       0x18 CMakeFiles/f411re_blinking.elf.dir/Drivers/STM32F4xx_HAL_Driver/Src/stm32f4xx_hal_tim_ex.c.obj
 .debug_line    0x00000000      0x11f CMakeFiles/f411re_blinking.elf.dir/Drivers/STM32F4xx_HAL_Driver/Src/stm32f4xx_hal_tim_ex.c.obj
 .debug_str     0x00000000      0x25f CMakeFiles/f411re_blinking.elf.dir/Drivers/STM32F4xx_HAL_Driver/Src/stm32f4xx_hal_tim_ex.c.obj
 .comment       0x00000000       0x6f CMakeFiles/f411re_blinking.elf.dir/Drivers/STM32F4xx_HAL_Driver/Src/stm32f4xx_hal_tim_ex.c.obj
 .ARM.attributes
                0x00000000       0x39 CMakeFiles/f411re_blinking.elf.dir/Drivers/STM32F4xx_HAL_Driver/Src/stm32f4xx_hal_tim_ex.c.obj
 .text          0x00000000        0x0 libCMSIS.a(system_stm32f4xx.c.obj)
 .data          0x00000000        0x0 libCMSIS.a(system_stm32f4xx.c.obj)
 .bss           0x00000000        0x0 libCMSIS.a(system_stm32f4xx.c.obj)
 .data.SystemCoreClock
                0x00000000        0x4 libCMSIS.a(system_stm32f4xx.c.obj)
 .rodata.AHBPrescTable
                0x00000000       0x10 libCMSIS.a(system_stm32f4xx.c.obj)
 .text.SystemInit
                0x00000000       0x6c libCMSIS.a(system_stm32f4xx.c.obj)
 .text.SystemCoreClockUpdate
                0x00000000       0xf8 libCMSIS.a(system_stm32f4xx.c.obj)
 .debug_info    0x00000000      0x4e9 libCMSIS.a(system_stm32f4xx.c.obj)
 .debug_abbrev  0x00000000       0xff libCMSIS.a(system_stm32f4xx.c.obj)
 .debug_aranges
                0x00000000       0x28 libCMSIS.a(system_stm32f4xx.c.obj)
 .debug_ranges  0x00000000       0x18 libCMSIS.a(system_stm32f4xx.c.obj)
 .debug_line    0x00000000      0x268 libCMSIS.a(system_stm32f4xx.c.obj)
 .debug_str     0x00000000      0x401 libCMSIS.a(system_stm32f4xx.c.obj)
 .comment       0x00000000       0x6f libCMSIS.a(system_stm32f4xx.c.obj)
 .debug_frame   0x00000000       0x58 libCMSIS.a(system_stm32f4xx.c.obj)
 .ARM.attributes
                0x00000000       0x39 libCMSIS.a(system_stm32f4xx.c.obj)
 .text          0x00000000        0x0 c:/progra~2/gnutoo~1/50a5a~1.420/bin/../lib/gcc/arm-none-eabi/5.4.1/../../../../arm-none-eabi/lib/armv7e-m/fpu\libg.a(lib_a-exit.o)
 .data          0x00000000        0x0 c:/progra~2/gnutoo~1/50a5a~1.420/bin/../lib/gcc/arm-none-eabi/5.4.1/../../../../arm-none-eabi/lib/armv7e-m/fpu\libg.a(lib_a-exit.o)
 .bss           0x00000000        0x0 c:/progra~2/gnutoo~1/50a5a~1.420/bin/../lib/gcc/arm-none-eabi/5.4.1/../../../../arm-none-eabi/lib/armv7e-m/fpu\libg.a(lib_a-exit.o)
 .text.exit     0x00000000       0x20 c:/progra~2/gnutoo~1/50a5a~1.420/bin/../lib/gcc/arm-none-eabi/5.4.1/../../../../arm-none-eabi/lib/armv7e-m/fpu\libg.a(lib_a-exit.o)
 .debug_frame   0x00000000       0x28 c:/progra~2/gnutoo~1/50a5a~1.420/bin/../lib/gcc/arm-none-eabi/5.4.1/../../../../arm-none-eabi/lib/armv7e-m/fpu\libg.a(lib_a-exit.o)
 .ARM.attributes
                0x00000000       0x34 c:/progra~2/gnutoo~1/50a5a~1.420/bin/../lib/gcc/arm-none-eabi/5.4.1/../../../../arm-none-eabi/lib/armv7e-m/fpu\libg.a(lib_a-exit.o)
 .text          0x00000000        0x0 c:/progra~2/gnutoo~1/50a5a~1.420/bin/../lib/gcc/arm-none-eabi/5.4.1/../../../../arm-none-eabi/lib/armv7e-m/fpu\libg.a(lib_a-impure.o)
 .data          0x00000000        0x0 c:/progra~2/gnutoo~1/50a5a~1.420/bin/../lib/gcc/arm-none-eabi/5.4.1/../../../../arm-none-eabi/lib/armv7e-m/fpu\libg.a(lib_a-impure.o)
 .bss           0x00000000        0x0 c:/progra~2/gnutoo~1/50a5a~1.420/bin/../lib/gcc/arm-none-eabi/5.4.1/../../../../arm-none-eabi/lib/armv7e-m/fpu\libg.a(lib_a-impure.o)
 .data._impure_ptr
                0x00000000        0x4 c:/progra~2/gnutoo~1/50a5a~1.420/bin/../lib/gcc/arm-none-eabi/5.4.1/../../../../arm-none-eabi/lib/armv7e-m/fpu\libg.a(lib_a-impure.o)
 .text          0x00000000        0x0 c:/progra~2/gnutoo~1/50a5a~1.420/bin/../lib/gcc/arm-none-eabi/5.4.1/../../../../arm-none-eabi/lib/armv7e-m/fpu\libg.a(lib_a-init.o)
 .data          0x00000000        0x0 c:/progra~2/gnutoo~1/50a5a~1.420/bin/../lib/gcc/arm-none-eabi/5.4.1/../../../../arm-none-eabi/lib/armv7e-m/fpu\libg.a(lib_a-init.o)
 .bss           0x00000000        0x0 c:/progra~2/gnutoo~1/50a5a~1.420/bin/../lib/gcc/arm-none-eabi/5.4.1/../../../../arm-none-eabi/lib/armv7e-m/fpu\libg.a(lib_a-init.o)
 .text.__libc_init_array
                0x00000000       0x50 c:/progra~2/gnutoo~1/50a5a~1.420/bin/../lib/gcc/arm-none-eabi/5.4.1/../../../../arm-none-eabi/lib/armv7e-m/fpu\libg.a(lib_a-init.o)
 .debug_frame   0x00000000       0x2c c:/progra~2/gnutoo~1/50a5a~1.420/bin/../lib/gcc/arm-none-eabi/5.4.1/../../../../arm-none-eabi/lib/armv7e-m/fpu\libg.a(lib_a-init.o)
 .ARM.attributes
                0x00000000       0x34 c:/progra~2/gnutoo~1/50a5a~1.420/bin/../lib/gcc/arm-none-eabi/5.4.1/../../../../arm-none-eabi/lib/armv7e-m/fpu\libg.a(lib_a-init.o)
 .text          0x00000000        0x0 c:/progra~2/gnutoo~1/50a5a~1.420/bin/../lib/gcc/arm-none-eabi/5.4.1/../../../../arm-none-eabi/lib/armv7e-m/fpu\libg.a(lib_a-memset.o)
 .data          0x00000000        0x0 c:/progra~2/gnutoo~1/50a5a~1.420/bin/../lib/gcc/arm-none-eabi/5.4.1/../../../../arm-none-eabi/lib/armv7e-m/fpu\libg.a(lib_a-memset.o)
 .bss           0x00000000        0x0 c:/progra~2/gnutoo~1/50a5a~1.420/bin/../lib/gcc/arm-none-eabi/5.4.1/../../../../arm-none-eabi/lib/armv7e-m/fpu\libg.a(lib_a-memset.o)
 .text.memset   0x00000000       0x9c c:/progra~2/gnutoo~1/50a5a~1.420/bin/../lib/gcc/arm-none-eabi/5.4.1/../../../../arm-none-eabi/lib/armv7e-m/fpu\libg.a(lib_a-memset.o)
 .debug_frame   0x00000000       0x34 c:/progra~2/gnutoo~1/50a5a~1.420/bin/../lib/gcc/arm-none-eabi/5.4.1/../../../../arm-none-eabi/lib/armv7e-m/fpu\libg.a(lib_a-memset.o)
 .ARM.attributes
                0x00000000       0x34 c:/progra~2/gnutoo~1/50a5a~1.420/bin/../lib/gcc/arm-none-eabi/5.4.1/../../../../arm-none-eabi/lib/armv7e-m/fpu\libg.a(lib_a-memset.o)
 .text          0x00000000        0x0 c:/progra~2/gnutoo~1/50a5a~1.420/bin/../lib/gcc/arm-none-eabi/5.4.1/../../../../arm-none-eabi/lib/armv7e-m/fpu\libg.a(lib_a-__call_atexit.o)
 .data          0x00000000        0x0 c:/progra~2/gnutoo~1/50a5a~1.420/bin/../lib/gcc/arm-none-eabi/5.4.1/../../../../arm-none-eabi/lib/armv7e-m/fpu\libg.a(lib_a-__call_atexit.o)
 .bss           0x00000000        0x0 c:/progra~2/gnutoo~1/50a5a~1.420/bin/../lib/gcc/arm-none-eabi/5.4.1/../../../../arm-none-eabi/lib/armv7e-m/fpu\libg.a(lib_a-__call_atexit.o)
 .text.__call_exitprocs
                0x00000000       0xd8 c:/progra~2/gnutoo~1/50a5a~1.420/bin/../lib/gcc/arm-none-eabi/5.4.1/../../../../arm-none-eabi/lib/armv7e-m/fpu\libg.a(lib_a-__call_atexit.o)
 .text          0x00000000        0x0 c:/progra~2/gnutoo~1/50a5a~1.420/bin/../lib/gcc/arm-none-eabi/5.4.1/../../../../arm-none-eabi/lib/armv7e-m/fpu\libg.a(lib_a-atexit.o)
 .data          0x00000000        0x0 c:/progra~2/gnutoo~1/50a5a~1.420/bin/../lib/gcc/arm-none-eabi/5.4.1/../../../../arm-none-eabi/lib/armv7e-m/fpu\libg.a(lib_a-atexit.o)
 .bss           0x00000000        0x0 c:/progra~2/gnutoo~1/50a5a~1.420/bin/../lib/gcc/arm-none-eabi/5.4.1/../../../../arm-none-eabi/lib/armv7e-m/fpu\libg.a(lib_a-atexit.o)
 .text          0x00000000        0x0 c:/progra~2/gnutoo~1/50a5a~1.420/bin/../lib/gcc/arm-none-eabi/5.4.1/../../../../arm-none-eabi/lib/armv7e-m/fpu\libg.a(lib_a-fini.o)
 .data          0x00000000        0x0 c:/progra~2/gnutoo~1/50a5a~1.420/bin/../lib/gcc/arm-none-eabi/5.4.1/../../../../arm-none-eabi/lib/armv7e-m/fpu\libg.a(lib_a-fini.o)
 .bss           0x00000000        0x0 c:/progra~2/gnutoo~1/50a5a~1.420/bin/../lib/gcc/arm-none-eabi/5.4.1/../../../../arm-none-eabi/lib/armv7e-m/fpu\libg.a(lib_a-fini.o)
 .text          0x00000000        0x0 c:/progra~2/gnutoo~1/50a5a~1.420/bin/../lib/gcc/arm-none-eabi/5.4.1/../../../../arm-none-eabi/lib/armv7e-m/fpu\libg.a(lib_a-__atexit.o)
 .data          0x00000000        0x0 c:/progra~2/gnutoo~1/50a5a~1.420/bin/../lib/gcc/arm-none-eabi/5.4.1/../../../../arm-none-eabi/lib/armv7e-m/fpu\libg.a(lib_a-__atexit.o)
 .bss           0x00000000        0x0 c:/progra~2/gnutoo~1/50a5a~1.420/bin/../lib/gcc/arm-none-eabi/5.4.1/../../../../arm-none-eabi/lib/armv7e-m/fpu\libg.a(lib_a-__atexit.o)
 .text          0x00000000        0x0 c:/progra~2/gnutoo~1/50a5a~1.420/bin/../lib/gcc/arm-none-eabi/5.4.1/armv7e-m/fpu/crtend.o
 .data          0x00000000        0x0 c:/progra~2/gnutoo~1/50a5a~1.420/bin/../lib/gcc/arm-none-eabi/5.4.1/armv7e-m/fpu/crtend.o
 .bss           0x00000000        0x0 c:/progra~2/gnutoo~1/50a5a~1.420/bin/../lib/gcc/arm-none-eabi/5.4.1/armv7e-m/fpu/crtend.o
 .eh_frame      0x00000000        0x4 c:/progra~2/gnutoo~1/50a5a~1.420/bin/../lib/gcc/arm-none-eabi/5.4.1/armv7e-m/fpu/crtend.o
 .jcr           0x00000000        0x4 c:/progra~2/gnutoo~1/50a5a~1.420/bin/../lib/gcc/arm-none-eabi/5.4.1/armv7e-m/fpu/crtend.o
 .ARM.attributes
                0x00000000       0x34 c:/progra~2/gnutoo~1/50a5a~1.420/bin/../lib/gcc/arm-none-eabi/5.4.1/armv7e-m/fpu/crtend.o
 .text          0x00000000        0x0 c:/progra~2/gnutoo~1/50a5a~1.420/bin/../lib/gcc/arm-none-eabi/5.4.1/armv7e-m/fpu/crtn.o
 .data          0x00000000        0x0 c:/progra~2/gnutoo~1/50a5a~1.420/bin/../lib/gcc/arm-none-eabi/5.4.1/armv7e-m/fpu/crtn.o
 .bss           0x00000000        0x0 c:/progra~2/gnutoo~1/50a5a~1.420/bin/../lib/gcc/arm-none-eabi/5.4.1/armv7e-m/fpu/crtn.o

Memory Configuration

Name             Origin             Length             Attributes
RAM              0x20000000         0x00020000         xrw
FLASH            0x08000000         0x00080000         xr
*default*        0x00000000         0xffffffff

Linker script and memory map

LOAD c:/progra~2/gnutoo~1/50a5a~1.420/bin/../lib/gcc/arm-none-eabi/5.4.1/armv7e-m/fpu/crti.o
LOAD c:/progra~2/gnutoo~1/50a5a~1.420/bin/../lib/gcc/arm-none-eabi/5.4.1/armv7e-m/fpu/crtbegin.o
LOAD c:/progra~2/gnutoo~1/50a5a~1.420/bin/../lib/gcc/arm-none-eabi/5.4.1/../../../../arm-none-eabi/lib/armv7e-m/fpu/crt0.o
LOAD CMakeFiles/f411re_blinking.elf.dir/Src/main.c.obj
LOAD CMakeFiles/f411re_blinking.elf.dir/Src/stm32f4xx_hal_msp.c.obj
LOAD CMakeFiles/f411re_blinking.elf.dir/Src/stm32f4xx_it.c.obj
LOAD CMakeFiles/f411re_blinking.elf.dir/Drivers/STM32F4xx_HAL_Driver/Src/stm32f4xx_hal.c.obj
LOAD CMakeFiles/f411re_blinking.elf.dir/Drivers/STM32F4xx_HAL_Driver/Src/stm32f4xx_hal_cortex.c.obj
LOAD CMakeFiles/f411re_blinking.elf.dir/Drivers/STM32F4xx_HAL_Driver/Src/stm32f4xx_hal_dma.c.obj
LOAD CMakeFiles/f411re_blinking.elf.dir/Drivers/STM32F4xx_HAL_Driver/Src/stm32f4xx_hal_dma_ex.c.obj
LOAD CMakeFiles/f411re_blinking.elf.dir/Drivers/STM32F4xx_HAL_Driver/Src/stm32f4xx_hal_flash.c.obj
LOAD CMakeFiles/f411re_blinking.elf.dir/Drivers/STM32F4xx_HAL_Driver/Src/stm32f4xx_hal_flash_ex.c.obj
LOAD CMakeFiles/f411re_blinking.elf.dir/Drivers/STM32F4xx_HAL_Driver/Src/stm32f4xx_hal_flash_ramfunc.c.obj
LOAD CMakeFiles/f411re_blinking.elf.dir/Drivers/STM32F4xx_HAL_Driver/Src/stm32f4xx_hal_gpio.c.obj
LOAD CMakeFiles/f411re_blinking.elf.dir/Drivers/STM32F4xx_HAL_Driver/Src/stm32f4xx_hal_pwr.c.obj
LOAD CMakeFiles/f411re_blinking.elf.dir/Drivers/STM32F4xx_HAL_Driver/Src/stm32f4xx_hal_pwr_ex.c.obj
LOAD CMakeFiles/f411re_blinking.elf.dir/Drivers/STM32F4xx_HAL_Driver/Src/stm32f4xx_hal_rcc.c.obj
LOAD CMakeFiles/f411re_blinking.elf.dir/Drivers/STM32F4xx_HAL_Driver/Src/stm32f4xx_hal_rcc_ex.c.obj
LOAD CMakeFiles/f411re_blinking.elf.dir/Drivers/STM32F4xx_HAL_Driver/Src/stm32f4xx_hal_tim.c.obj
LOAD CMakeFiles/f411re_blinking.elf.dir/Drivers/STM32F4xx_HAL_Driver/Src/stm32f4xx_hal_tim_ex.c.obj
LOAD libCMSIS.a
START GROUP
LOAD c:/progra~2/gnutoo~1/50a5a~1.420/bin/../lib/gcc/arm-none-eabi/5.4.1/armv7e-m/fpu\libgcc.a
LOAD c:/progra~2/gnutoo~1/50a5a~1.420/bin/../lib/gcc/arm-none-eabi/5.4.1/../../../../arm-none-eabi/lib/armv7e-m/fpu\libg.a
LOAD c:/progra~2/gnutoo~1/50a5a~1.420/bin/../lib/gcc/arm-none-eabi/5.4.1/../../../../arm-none-eabi/lib/armv7e-m/fpu\libc.a
END GROUP
LOAD c:/progra~2/gnutoo~1/50a5a~1.420/bin/../lib/gcc/arm-none-eabi/5.4.1/armv7e-m/fpu/crtend.o
LOAD c:/progra~2/gnutoo~1/50a5a~1.420/bin/../lib/gcc/arm-none-eabi/5.4.1/armv7e-m/fpu/crtn.o
                0x20020000                _estack = 0x20020000
                0x00000200                _Min_Heap_Size = 0x200
                0x00000400                _Min_Stack_Size = 0x400

.isr_vector     0x08000000        0x0
                0x08000000                . = ALIGN (0x4)
 *(.isr_vector)
                0x08000000                . = ALIGN (0x4)

.text           0x08000000      0x160
                0x08000000                . = ALIGN (0x4)
 *(.text)
 .text          0x08000000       0x5c c:/progra~2/gnutoo~1/50a5a~1.420/bin/../lib/gcc/arm-none-eabi/5.4.1/armv7e-m/fpu/crtbegin.o
 *(.text*)
 .text.startup.register_fini
                0x0800005c       0x14 c:/progra~2/gnutoo~1/50a5a~1.420/bin/../lib/gcc/arm-none-eabi/5.4.1/../../../../arm-none-eabi/lib/armv7e-m/fpu\libg.a(lib_a-__call_atexit.o)
 .text.atexit   0x08000070        0xc c:/progra~2/gnutoo~1/50a5a~1.420/bin/../lib/gcc/arm-none-eabi/5.4.1/../../../../arm-none-eabi/lib/armv7e-m/fpu\libg.a(lib_a-atexit.o)
                0x08000070                atexit
 .text.__libc_fini_array
                0x0800007c       0x28 c:/progra~2/gnutoo~1/50a5a~1.420/bin/../lib/gcc/arm-none-eabi/5.4.1/../../../../arm-none-eabi/lib/armv7e-m/fpu\libg.a(lib_a-fini.o)
                0x0800007c                __libc_fini_array
 .text.__register_exitproc
                0x080000a4       0xa4 c:/progra~2/gnutoo~1/50a5a~1.420/bin/../lib/gcc/arm-none-eabi/5.4.1/../../../../arm-none-eabi/lib/armv7e-m/fpu\libg.a(lib_a-__atexit.o)
                0x080000a4                __register_exitproc
 *(.glue_7)
 .glue_7        0x08000148        0x0 linker stubs
 *(.glue_7t)
 .glue_7t       0x08000148        0x0 linker stubs
 *(.eh_frame)
 .eh_frame      0x08000148        0x0 c:/progra~2/gnutoo~1/50a5a~1.420/bin/../lib/gcc/arm-none-eabi/5.4.1/armv7e-m/fpu/crtbegin.o
 *(.init)
 .init          0x08000148        0x4 c:/progra~2/gnutoo~1/50a5a~1.420/bin/../lib/gcc/arm-none-eabi/5.4.1/armv7e-m/fpu/crti.o
                0x08000148                _init
 .init          0x0800014c        0x8 c:/progra~2/gnutoo~1/50a5a~1.420/bin/../lib/gcc/arm-none-eabi/5.4.1/armv7e-m/fpu/crtn.o
 *(.fini)
 .fini          0x08000154        0x4 c:/progra~2/gnutoo~1/50a5a~1.420/bin/../lib/gcc/arm-none-eabi/5.4.1/armv7e-m/fpu/crti.o
                0x08000154                _fini
 .fini          0x08000158        0x8 c:/progra~2/gnutoo~1/50a5a~1.420/bin/../lib/gcc/arm-none-eabi/5.4.1/armv7e-m/fpu/crtn.o
                0x08000160                . = ALIGN (0x4)
                0x08000160                _etext = .

.vfp11_veneer   0x08000160        0x0
 .vfp11_veneer  0x08000160        0x0 linker stubs

.v4_bx          0x08000160        0x0
 .v4_bx         0x08000160        0x0 linker stubs

.iplt           0x08000160        0x0
 .iplt          0x08000160        0x0 c:/progra~2/gnutoo~1/50a5a~1.420/bin/../lib/gcc/arm-none-eabi/5.4.1/armv7e-m/fpu/crtbegin.o

.rodata         0x08000160        0x4
                0x08000160                . = ALIGN (0x4)
 *(.rodata)
 *(.rodata*)
 .rodata._global_impure_ptr
                0x08000160        0x4 c:/progra~2/gnutoo~1/50a5a~1.420/bin/../lib/gcc/arm-none-eabi/5.4.1/../../../../arm-none-eabi/lib/armv7e-m/fpu\libg.a(lib_a-impure.o)
                0x08000160                _global_impure_ptr
                0x08000164                . = ALIGN (0x4)

.rel.dyn        0x08000164        0x0
 .rel.iplt      0x08000164        0x0 c:/progra~2/gnutoo~1/50a5a~1.420/bin/../lib/gcc/arm-none-eabi/5.4.1/armv7e-m/fpu/crtbegin.o

.ARM.extab
 *(.ARM.extab* .gnu.linkonce.armextab.*)

.ARM            0x08000164        0x0
                0x08000164                __exidx_start = .
 *(.ARM.exidx*)
                0x08000164                __exidx_end = .

.preinit_array  0x08000164        0x0
                0x08000164                PROVIDE (__preinit_array_start, .)
 *(.preinit_array*)
                0x08000164                PROVIDE (__preinit_array_end, .)

.init_array     0x08000164        0x8
                0x08000164                PROVIDE (__init_array_start, .)
 *(SORT(.init_array.*))
 .init_array.00000
                0x08000164        0x4 c:/progra~2/gnutoo~1/50a5a~1.420/bin/../lib/gcc/arm-none-eabi/5.4.1/../../../../arm-none-eabi/lib/armv7e-m/fpu\libg.a(lib_a-__call_atexit.o)
 *(.init_array*)
 .init_array    0x08000168        0x4 c:/progra~2/gnutoo~1/50a5a~1.420/bin/../lib/gcc/arm-none-eabi/5.4.1/armv7e-m/fpu/crtbegin.o
                0x0800016c                PROVIDE (__init_array_end, .)

.fini_array     0x0800016c        0x4
                0x0800016c                PROVIDE (__fini_array_start, .)
 *(SORT(.fini_array.*))
 *(.fini_array*)
 .fini_array    0x0800016c        0x4 c:/progra~2/gnutoo~1/50a5a~1.420/bin/../lib/gcc/arm-none-eabi/5.4.1/armv7e-m/fpu/crtbegin.o
                0x08000170                PROVIDE (__fini_array_end, .)
                0x08000170                _sidata = LOADADDR (.data)

.data           0x20000000      0x428 load address 0x08000170
                0x20000000                . = ALIGN (0x4)
                0x20000000                _sdata = .
 *(.data)
 *(.data*)
 .data.impure_data
                0x20000000      0x428 c:/progra~2/gnutoo~1/50a5a~1.420/bin/../lib/gcc/arm-none-eabi/5.4.1/../../../../arm-none-eabi/lib/armv7e-m/fpu\libg.a(lib_a-impure.o)
                0x20000428                . = ALIGN (0x4)
                0x20000428                _edata = .

.jcr            0x20000428        0x0 load address 0x08000598
 .jcr           0x20000428        0x0 c:/progra~2/gnutoo~1/50a5a~1.420/bin/../lib/gcc/arm-none-eabi/5.4.1/armv7e-m/fpu/crtbegin.o

.igot.plt       0x20000428        0x0 load address 0x08000598
 .igot.plt      0x20000428        0x0 c:/progra~2/gnutoo~1/50a5a~1.420/bin/../lib/gcc/arm-none-eabi/5.4.1/armv7e-m/fpu/crtbegin.o
                0x20000428                . = ALIGN (0x4)

.bss            0x20000428       0x1c load address 0x08000598
                0x20000428                _sbss = .
                0x20000428                __bss_start__ = _sbss
 *(.bss)
 .bss           0x20000428       0x1c c:/progra~2/gnutoo~1/50a5a~1.420/bin/../lib/gcc/arm-none-eabi/5.4.1/armv7e-m/fpu/crtbegin.o
 *(.bss*)
 *(COMMON)
                0x20000444                . = ALIGN (0x4)
                0x20000444                _ebss = .
                0x20000444                __bss_end__ = _ebss

._user_heap_stack
                0x20000444      0x604 load address 0x08000598
                0x20000448                . = ALIGN (0x8)
 *fill*         0x20000444        0x4 
                [!provide]                PROVIDE (end, .)
                [!provide]                PROVIDE (_end, .)
                0x20000648                . = (. + _Min_Heap_Size)
 *fill*         0x20000448      0x200 
                0x20000a48                . = (. + _Min_Stack_Size)
 *fill*         0x20000648      0x400 
                0x20000a48                . = ALIGN (0x8)

/DISCARD/
 libc.a(*)
 libm.a(*)
 libgcc.a(*)

.ARM.attributes
                0x00000000       0x30
 *(.ARM.attributes)
 .ARM.attributes
                0x00000000       0x22 c:/progra~2/gnutoo~1/50a5a~1.420/bin/../lib/gcc/arm-none-eabi/5.4.1/armv7e-m/fpu/crti.o
 .ARM.attributes
                0x00000022       0x34 c:/progra~2/gnutoo~1/50a5a~1.420/bin/../lib/gcc/arm-none-eabi/5.4.1/armv7e-m/fpu/crtbegin.o
 .ARM.attributes
                0x00000056       0x34 c:/progra~2/gnutoo~1/50a5a~1.420/bin/../lib/gcc/arm-none-eabi/5.4.1/../../../../arm-none-eabi/lib/armv7e-m/fpu\libg.a(lib_a-impure.o)
 .ARM.attributes
                0x0000008a       0x34 c:/progra~2/gnutoo~1/50a5a~1.420/bin/../lib/gcc/arm-none-eabi/5.4.1/../../../../arm-none-eabi/lib/armv7e-m/fpu\libg.a(lib_a-__call_atexit.o)
 .ARM.attributes
                0x000000be       0x34 c:/progra~2/gnutoo~1/50a5a~1.420/bin/../lib/gcc/arm-none-eabi/5.4.1/../../../../arm-none-eabi/lib/armv7e-m/fpu\libg.a(lib_a-atexit.o)
 .ARM.attributes
                0x000000f2       0x34 c:/progra~2/gnutoo~1/50a5a~1.420/bin/../lib/gcc/arm-none-eabi/5.4.1/../../../../arm-none-eabi/lib/armv7e-m/fpu\libg.a(lib_a-fini.o)
 .ARM.attributes
                0x00000126       0x34 c:/progra~2/gnutoo~1/50a5a~1.420/bin/../lib/gcc/arm-none-eabi/5.4.1/../../../../arm-none-eabi/lib/armv7e-m/fpu\libg.a(lib_a-__atexit.o)
 .ARM.attributes
                0x0000015a       0x22 c:/progra~2/gnutoo~1/50a5a~1.420/bin/../lib/gcc/arm-none-eabi/5.4.1/armv7e-m/fpu/crtn.o
OUTPUT(f411re_blinking.elf elf32-littlearm)

.debug_frame    0x00000000       0xd8
 .debug_frame   0x00000000       0x50 c:/progra~2/gnutoo~1/50a5a~1.420/bin/../lib/gcc/arm-none-eabi/5.4.1/../../../../arm-none-eabi/lib/armv7e-m/fpu\libg.a(lib_a-__call_atexit.o)
 .debug_frame   0x00000050       0x20 c:/progra~2/gnutoo~1/50a5a~1.420/bin/../lib/gcc/arm-none-eabi/5.4.1/../../../../arm-none-eabi/lib/armv7e-m/fpu\libg.a(lib_a-atexit.o)
 .debug_frame   0x00000070       0x34 c:/progra~2/gnutoo~1/50a5a~1.420/bin/../lib/gcc/arm-none-eabi/5.4.1/../../../../arm-none-eabi/lib/armv7e-m/fpu\libg.a(lib_a-fini.o)
 .debug_frame   0x000000a4       0x34 c:/progra~2/gnutoo~1/50a5a~1.420/bin/../lib/gcc/arm-none-eabi/5.4.1/../../../../arm-none-eabi/lib/armv7e-m/fpu\libg.a(lib_a-__atexit.o)
